Pretrained initialization: G:\py2\weights\PIDNet_S_ImageNet.pth.tar (302 tensors matched)
Run directory: G:\py2\experiments\pidnet_s_dfm_mproto\p1_30e_label_fix
Train/val samples: 552/240
Epochs: 30, batch size: 4, AMP: True
Learning-rate schedule horizon: 100 epochs
Matched pretrained tensors: 302
Epoch 1/30
  train batch 1/138: loss=16.67775, lr=0.00100000
  train batch 10/138: loss=15.16370, lr=0.00099941
  train batch 20/138: loss=11.64998, lr=0.00099876
  train batch 30/138: loss=12.19508, lr=0.00099811
  train batch 40/138: loss=10.15378, lr=0.00099746
  train batch 50/138: loss=10.89553, lr=0.00099680
  train batch 60/138: loss=9.92645, lr=0.00099615
  train batch 70/138: loss=8.78829, lr=0.00099550
  train batch 80/138: loss=9.40334, lr=0.00099485
  train batch 90/138: loss=9.07390, lr=0.00099419
  train batch 100/138: loss=8.07924, lr=0.00099354
  train batch 110/138: loss=8.94098, lr=0.00099289
  train batch 120/138: loss=8.16663, lr=0.00099224
  train batch 130/138: loss=7.27019, lr=0.00099158
  train loss=9.74711, mIoU=0.3353
  val loss=7.59128, mIoU=0.4961, smoke IoU=0.6626, fire IoU=0.0787
  EMA prototype: train=1.04283, val=1.18218, weight=0.00000
  prototype health valid: True
Epoch 2/30
  train batch 1/138: loss=7.59132, lr=0.00099100
  train batch 10/138: loss=7.20191, lr=0.00099041
  train batch 20/138: loss=8.06466, lr=0.00098976
  train batch 30/138: loss=8.02881, lr=0.00098910
  train batch 40/138: loss=7.73942, lr=0.00098845
  train batch 50/138: loss=7.70571, lr=0.00098780
  train batch 60/138: loss=7.93317, lr=0.00098714
  train batch 70/138: loss=7.04818, lr=0.00098649
  train batch 80/138: loss=7.91259, lr=0.00098584
  train batch 90/138: loss=7.02546, lr=0.00098518
  train batch 100/138: loss=6.82356, lr=0.00098453
  train batch 110/138: loss=6.92650, lr=0.00098388
  train batch 120/138: loss=6.79966, lr=0.00098322
  train batch 130/138: loss=7.24293, lr=0.00098257
  train loss=7.46221, mIoU=0.4274
  val loss=6.57621, mIoU=0.5130, smoke IoU=0.5998, fire IoU=0.1479
  EMA prototype: train=1.09741, val=1.14836, weight=0.02500
  prototype health valid: True
Epoch 3/30
  train batch 1/138: loss=6.80767, lr=0.00098198
  train batch 10/138: loss=6.77059, lr=0.00098139
  train batch 20/138: loss=8.15166, lr=0.00098074
  train batch 30/138: loss=6.85899, lr=0.00098009
  train batch 40/138: loss=7.48671, lr=0.00097943
  train batch 50/138: loss=6.90350, lr=0.00097878
  train batch 60/138: loss=7.11270, lr=0.00097813
  train batch 70/138: loss=7.41297, lr=0.00097747
  train batch 80/138: loss=6.63760, lr=0.00097682
  train batch 90/138: loss=7.27890, lr=0.00097616
  train batch 100/138: loss=6.51019, lr=0.00097551
  train batch 110/138: loss=6.71028, lr=0.00097486
  train batch 120/138: loss=6.55642, lr=0.00097420
  train batch 130/138: loss=6.39654, lr=0.00097355
  train loss=6.95626, mIoU=0.4600
  val loss=6.75592, mIoU=0.5511, smoke IoU=0.7186, fire IoU=0.1415
  EMA prototype: train=0.98236, val=1.02806, weight=0.04999
  prototype health valid: True
Epoch 4/30
  train batch 1/138: loss=7.11804, lr=0.00097296
  train batch 10/138: loss=6.38132, lr=0.00097237
  train batch 20/138: loss=6.15892, lr=0.00097172
  train batch 30/138: loss=5.93350, lr=0.00097106
  train batch 40/138: loss=7.10478, lr=0.00097041
  train batch 50/138: loss=6.50992, lr=0.00096975
  train batch 60/138: loss=6.94377, lr=0.00096910
  train batch 70/138: loss=6.83214, lr=0.00096844
  train batch 80/138: loss=7.16725, lr=0.00096779
  train batch 90/138: loss=6.40394, lr=0.00096714
  train batch 100/138: loss=6.80048, lr=0.00096648
  train batch 110/138: loss=6.71347, lr=0.00096583
  train batch 120/138: loss=6.24893, lr=0.00096517
  train batch 130/138: loss=6.73341, lr=0.00096452
  train loss=6.86009, mIoU=0.4560
  val loss=6.52164, mIoU=0.5445, smoke IoU=0.6941, fire IoU=0.1561
  EMA prototype: train=0.91693, val=0.96423, weight=0.04999
  prototype health valid: True
Epoch 5/30
  train batch 1/138: loss=6.76541, lr=0.00096393
  train batch 10/138: loss=6.93497, lr=0.00096334
  train batch 20/138: loss=6.68352, lr=0.00096268
  train batch 30/138: loss=6.44227, lr=0.00096203
  train batch 40/138: loss=6.22185, lr=0.00096137
  train batch 50/138: loss=7.25666, lr=0.00096072
  train batch 60/138: loss=9.14277, lr=0.00096006
  train batch 70/138: loss=6.30643, lr=0.00095941
  train batch 80/138: loss=7.06220, lr=0.00095875
  train batch 90/138: loss=7.50960, lr=0.00095810
  train batch 100/138: loss=6.81311, lr=0.00095744
  train batch 110/138: loss=7.11691, lr=0.00095679
  train batch 120/138: loss=7.75613, lr=0.00095613
  train batch 130/138: loss=8.00895, lr=0.00095548
  train loss=6.96886, mIoU=0.4385
  val loss=6.81926, mIoU=0.5245, smoke IoU=0.6964, fire IoU=0.1260
  EMA prototype: train=0.93367, val=1.10047, weight=0.04999
  prototype health valid: True
Epoch 6/30
  train batch 1/138: loss=7.39765, lr=0.00095489
  train batch 10/138: loss=6.56317, lr=0.00095430
  train batch 20/138: loss=5.61065, lr=0.00095364
  train batch 30/138: loss=7.09989, lr=0.00095298
  train batch 40/138: loss=7.72647, lr=0.00095233
  train batch 50/138: loss=7.46309, lr=0.00095167
  train batch 60/138: loss=6.86085, lr=0.00095102
  train batch 70/138: loss=6.50934, lr=0.00095036
  train batch 80/138: loss=7.17342, lr=0.00094971
  train batch 90/138: loss=6.16140, lr=0.00094905
  train batch 100/138: loss=6.50647, lr=0.00094839
  train batch 110/138: loss=6.45167, lr=0.00094774
  train batch 120/138: loss=6.68364, lr=0.00094708
  train batch 130/138: loss=6.23629, lr=0.00094642
  train loss=6.84575, mIoU=0.4609
  val loss=6.38727, mIoU=0.5074, smoke IoU=0.5372, fire IoU=0.1712
  EMA prototype: train=0.85540, val=0.85482, weight=0.04999
  prototype health valid: True
Epoch 7/30
  train batch 1/138: loss=5.67607, lr=0.00094583
  train batch 10/138: loss=6.09843, lr=0.00094524
  train batch 20/138: loss=6.31583, lr=0.00094459
  train batch 30/138: loss=6.02095, lr=0.00094393
  train batch 40/138: loss=6.54476, lr=0.00094327
  train batch 50/138: loss=6.41680, lr=0.00094262
  train batch 60/138: loss=6.62759, lr=0.00094196
  train batch 70/138: loss=6.46519, lr=0.00094131
  train batch 80/138: loss=6.00881, lr=0.00094065
  train batch 90/138: loss=6.79849, lr=0.00093999
  train batch 100/138: loss=7.43485, lr=0.00093934
  train batch 110/138: loss=6.21837, lr=0.00093868
  train batch 120/138: loss=6.48591, lr=0.00093802
  train batch 130/138: loss=7.49379, lr=0.00093736
  train loss=6.62499, mIoU=0.4845
  val loss=6.18947, mIoU=0.4595, smoke IoU=0.3920, fire IoU=0.1712
  EMA prototype: train=0.79133, val=0.81511, weight=0.04999
  prototype health valid: True
Epoch 8/30
  train batch 1/138: loss=6.31131, lr=0.00093677
  train batch 10/138: loss=6.45427, lr=0.00093618
  train batch 20/138: loss=5.81785, lr=0.00093553
  train batch 30/138: loss=6.54375, lr=0.00093487
  train batch 40/138: loss=6.47255, lr=0.00093421
  train batch 50/138: loss=6.42210, lr=0.00093355
  train batch 60/138: loss=6.43141, lr=0.00093290
  train batch 70/138: loss=6.49178, lr=0.00093224
  train batch 80/138: loss=6.89960, lr=0.00093158
  train batch 90/138: loss=6.36849, lr=0.00093092
  train batch 100/138: loss=5.85553, lr=0.00093027
  train batch 110/138: loss=5.90046, lr=0.00092961
  train batch 120/138: loss=5.88596, lr=0.00092895
  train batch 130/138: loss=6.20644, lr=0.00092830
  train loss=6.54728, mIoU=0.4932
  val loss=6.45089, mIoU=0.5712, smoke IoU=0.7252, fire IoU=0.1734
  EMA prototype: train=0.78721, val=0.86024, weight=0.04999
  prototype health valid: True
Epoch 9/30
  train batch 1/138: loss=6.02299, lr=0.00092770
  train batch 10/138: loss=6.39106, lr=0.00092711
  train batch 20/138: loss=6.58167, lr=0.00092645
  train batch 30/138: loss=6.93989, lr=0.00092580
  train batch 40/138: loss=5.83126, lr=0.00092514
  train batch 50/138: loss=7.47128, lr=0.00092448
  train batch 60/138: loss=7.53561, lr=0.00092382
  train batch 70/138: loss=6.36194, lr=0.00092316
  train batch 80/138: loss=6.11640, lr=0.00092251
  train batch 90/138: loss=6.52876, lr=0.00092185
  train batch 100/138: loss=6.13934, lr=0.00092119
  train batch 110/138: loss=5.96219, lr=0.00092053
  train batch 120/138: loss=6.21375, lr=0.00091987
  train batch 130/138: loss=7.02325, lr=0.00091922
  train loss=6.61873, mIoU=0.4796
  val loss=6.08741, mIoU=0.5463, smoke IoU=0.6506, fire IoU=0.1699
  EMA prototype: train=0.79117, val=0.84235, weight=0.04999
  prototype health valid: True
Epoch 10/30
  train batch 1/138: loss=6.36832, lr=0.00091862
  train batch 10/138: loss=6.24980, lr=0.00091803
  train batch 20/138: loss=6.15792, lr=0.00091737
  train batch 30/138: loss=7.02966, lr=0.00091671
  train batch 40/138: loss=6.40451, lr=0.00091605
  train batch 50/138: loss=6.29305, lr=0.00091540
  train batch 60/138: loss=7.55697, lr=0.00091474
  train batch 70/138: loss=6.46075, lr=0.00091408
  train batch 80/138: loss=7.09951, lr=0.00091342
  train batch 90/138: loss=6.75476, lr=0.00091276
  train batch 100/138: loss=6.17790, lr=0.00091210
  train batch 110/138: loss=6.73504, lr=0.00091144
  train batch 120/138: loss=7.23804, lr=0.00091078
  train batch 130/138: loss=6.50062, lr=0.00091013
  train loss=6.47064, mIoU=0.5074
  val loss=6.26979, mIoU=0.5580, smoke IoU=0.6606, fire IoU=0.1807
  EMA prototype: train=0.77688, val=0.80683, weight=0.04999
  prototype health valid: True
Epoch 11/30
  train batch 1/138: loss=6.20813, lr=0.00090953
  train batch 10/138: loss=6.51971, lr=0.00090894
  train batch 20/138: loss=7.00927, lr=0.00090828
  train batch 30/138: loss=6.59231, lr=0.00090762
  train batch 40/138: loss=6.71173, lr=0.00090696
  train batch 50/138: loss=6.34957, lr=0.00090630
  train batch 60/138: loss=5.91891, lr=0.00090564
  train batch 70/138: loss=7.81168, lr=0.00090498
  train batch 80/138: loss=6.87880, lr=0.00090432
  train batch 90/138: loss=6.38982, lr=0.00090366
  train batch 100/138: loss=6.27123, lr=0.00090301
  train batch 110/138: loss=5.78896, lr=0.00090235
  train batch 120/138: loss=8.07543, lr=0.00090169
  train batch 130/138: loss=5.93070, lr=0.00090103
  train loss=6.44020, mIoU=0.5050
  val loss=5.99189, mIoU=0.5689, smoke IoU=0.6950, fire IoU=0.1743
  EMA prototype: train=0.77387, val=0.79241, weight=0.04999
  prototype health valid: True
Epoch 12/30
  train batch 1/138: loss=6.10210, lr=0.00090043
  train batch 10/138: loss=5.75839, lr=0.00089984
  train batch 20/138: loss=6.06819, lr=0.00089918
  train batch 30/138: loss=7.23249, lr=0.00089852
  train batch 40/138: loss=6.30696, lr=0.00089786
  train batch 50/138: loss=6.08828, lr=0.00089720
  train batch 60/138: loss=6.04350, lr=0.00089654
  train batch 70/138: loss=6.78822, lr=0.00089588
  train batch 80/138: loss=7.90587, lr=0.00089522
  train batch 90/138: loss=7.29186, lr=0.00089456
  train batch 100/138: loss=6.59878, lr=0.00089390
  train batch 110/138: loss=6.03984, lr=0.00089324
  train batch 120/138: loss=6.27114, lr=0.00089258
  train batch 130/138: loss=6.59035, lr=0.00089192
  train loss=6.44185, mIoU=0.5034
  val loss=5.87723, mIoU=0.5840, smoke IoU=0.7606, fire IoU=0.1712
  EMA prototype: train=0.76903, val=0.82304, weight=0.04999
  prototype health valid: True
Epoch 13/30
  train batch 1/138: loss=6.23747, lr=0.00089132
  train batch 10/138: loss=5.97558, lr=0.00089073
  train batch 20/138: loss=5.64911, lr=0.00089007
  train batch 30/138: loss=6.71307, lr=0.00088941
  train batch 40/138: loss=6.48887, lr=0.00088874
  train batch 50/138: loss=7.00955, lr=0.00088808
  train batch 60/138: loss=7.40439, lr=0.00088742
  train batch 70/138: loss=6.41250, lr=0.00088676
  train batch 80/138: loss=6.41038, lr=0.00088610
  train batch 90/138: loss=5.79110, lr=0.00088544
  train batch 100/138: loss=5.56508, lr=0.00088478
  train batch 110/138: loss=6.43846, lr=0.00088412
  train batch 120/138: loss=6.41431, lr=0.00088346
  train batch 130/138: loss=7.52830, lr=0.00088280
  train loss=6.37183, mIoU=0.5083
  val loss=5.99267, mIoU=0.5856, smoke IoU=0.7603, fire IoU=0.1678
  EMA prototype: train=0.76072, val=0.79677, weight=0.04999
  prototype health valid: True
Epoch 14/30
  train batch 1/138: loss=6.89506, lr=0.00088220
  train batch 10/138: loss=6.31648, lr=0.00088161
  train batch 20/138: loss=5.78164, lr=0.00088094
  train batch 30/138: loss=6.08941, lr=0.00088028
  train batch 40/138: loss=6.33163, lr=0.00087962
  train batch 50/138: loss=5.98265, lr=0.00087896
  train batch 60/138: loss=5.65044, lr=0.00087830
  train batch 70/138: loss=6.04531, lr=0.00087764
  train batch 80/138: loss=5.86492, lr=0.00087697
  train batch 90/138: loss=5.62835, lr=0.00087631
  train batch 100/138: loss=6.84635, lr=0.00087565
  train batch 110/138: loss=6.62432, lr=0.00087499
  train batch 120/138: loss=6.22823, lr=0.00087433
  train batch 130/138: loss=6.50830, lr=0.00087366
  train loss=6.26502, mIoU=0.5135
  val loss=5.76982, mIoU=0.5627, smoke IoU=0.6540, fire IoU=0.1864
  EMA prototype: train=0.74959, val=0.77550, weight=0.04999
  prototype health valid: True
Epoch 15/30
  train batch 1/138: loss=6.05096, lr=0.00087307
  train batch 10/138: loss=6.13492, lr=0.00087247
  train batch 20/138: loss=6.08846, lr=0.00087181
  train batch 30/138: loss=5.87957, lr=0.00087115
  train batch 40/138: loss=6.43190, lr=0.00087049
  train batch 50/138: loss=6.26026, lr=0.00086982
  train batch 60/138: loss=6.30894, lr=0.00086916
  train batch 70/138: loss=6.04050, lr=0.00086850
  train batch 80/138: loss=6.99470, lr=0.00086784
  train batch 90/138: loss=6.04176, lr=0.00086717
  train batch 100/138: loss=6.23363, lr=0.00086651
  train batch 110/138: loss=5.86687, lr=0.00086585
  train batch 120/138: loss=5.88716, lr=0.00086519
  train batch 130/138: loss=6.30963, lr=0.00086452
  train loss=6.18612, mIoU=0.5135
  val loss=5.66622, mIoU=0.5261, smoke IoU=0.5465, fire IoU=0.1924
  EMA prototype: train=0.74603, val=0.76460, weight=0.04999
  prototype health valid: True
Epoch 16/30
  train batch 1/138: loss=5.86175, lr=0.00086393
  train batch 10/138: loss=5.65339, lr=0.00086333
  train batch 20/138: loss=5.97838, lr=0.00086267
  train batch 30/138: loss=6.19988, lr=0.00086200
  train batch 40/138: loss=5.60847, lr=0.00086134
  train batch 50/138: loss=5.85204, lr=0.00086068
  train batch 60/138: loss=6.07803, lr=0.00086002
  train batch 70/138: loss=6.67269, lr=0.00085935
  train batch 80/138: loss=6.24410, lr=0.00085869
  train batch 90/138: loss=6.14522, lr=0.00085803
  train batch 100/138: loss=6.49142, lr=0.00085736
  train batch 110/138: loss=6.48599, lr=0.00085670
  train batch 120/138: loss=6.26069, lr=0.00085603
  train batch 130/138: loss=6.17015, lr=0.00085537
  train loss=6.12119, mIoU=0.5220
  val loss=5.71612, mIoU=0.5487, smoke IoU=0.6281, fire IoU=0.2000
  EMA prototype: train=0.74912, val=0.80435, weight=0.04999
  prototype health valid: True
Epoch 17/30
  train batch 1/138: loss=6.11829, lr=0.00085477
  train batch 10/138: loss=5.98700, lr=0.00085418
  train batch 20/138: loss=6.02226, lr=0.00085351
  train batch 30/138: loss=6.80213, lr=0.00085285
  train batch 40/138: loss=6.46934, lr=0.00085219
  train batch 50/138: loss=8.59050, lr=0.00085152
  train batch 60/138: loss=5.99703, lr=0.00085086
  train batch 70/138: loss=6.29240, lr=0.00085019
  train batch 80/138: loss=6.53546, lr=0.00084953
  train batch 90/138: loss=5.78584, lr=0.00084887
  train batch 100/138: loss=5.70256, lr=0.00084820
  train batch 110/138: loss=5.92934, lr=0.00084754
  train batch 120/138: loss=5.79890, lr=0.00084687
  train batch 130/138: loss=6.57378, lr=0.00084621
  train loss=6.08143, mIoU=0.5155
  val loss=5.49460, mIoU=0.5751, smoke IoU=0.7623, fire IoU=0.1686
  EMA prototype: train=0.74221, val=0.77352, weight=0.04999
  prototype health valid: True
Epoch 18/30
  train batch 1/138: loss=6.33655, lr=0.00084561
  train batch 10/138: loss=5.58114, lr=0.00084501
  train batch 20/138: loss=6.23175, lr=0.00084435
  train batch 30/138: loss=5.78835, lr=0.00084368
  train batch 40/138: loss=6.03516, lr=0.00084302
  train batch 50/138: loss=5.31822, lr=0.00084235
  train batch 60/138: loss=6.26111, lr=0.00084169
  train batch 70/138: loss=5.79720, lr=0.00084102
  train batch 80/138: loss=5.89917, lr=0.00084036
  train batch 90/138: loss=6.10436, lr=0.00083969
  train batch 100/138: loss=6.16786, lr=0.00083903
  train batch 110/138: loss=6.49914, lr=0.00083836
  train batch 120/138: loss=5.63777, lr=0.00083770
  train batch 130/138: loss=5.53451, lr=0.00083703
  train loss=5.99606, mIoU=0.5263
  val loss=5.50463, mIoU=0.5993, smoke IoU=0.7531, fire IoU=0.1838
  EMA prototype: train=0.73586, val=0.80991, weight=0.04999
  prototype health valid: True
Epoch 19/30
  train batch 1/138: loss=5.99622, lr=0.00083644
  train batch 10/138: loss=5.83564, lr=0.00083584
  train batch 20/138: loss=5.87799, lr=0.00083517
  train batch 30/138: loss=6.11385, lr=0.00083451
  train batch 40/138: loss=6.38233, lr=0.00083384
  train batch 50/138: loss=5.89924, lr=0.00083318
  train batch 60/138: loss=5.53588, lr=0.00083251
  train batch 70/138: loss=5.60541, lr=0.00083184
  train batch 80/138: loss=6.00980, lr=0.00083118
  train batch 90/138: loss=5.57162, lr=0.00083051
  train batch 100/138: loss=7.58803, lr=0.00082985
  train batch 110/138: loss=5.73533, lr=0.00082918
  train batch 120/138: loss=5.72459, lr=0.00082851
  train batch 130/138: loss=5.70765, lr=0.00082785
  train loss=5.93981, mIoU=0.5346
  val loss=5.48042, mIoU=0.5925, smoke IoU=0.7492, fire IoU=0.1893
  EMA prototype: train=0.72376, val=0.77042, weight=0.04999
  prototype health valid: True
Epoch 20/30
  train batch 1/138: loss=6.01420, lr=0.00082725
  train batch 10/138: loss=5.55100, lr=0.00082665
  train batch 20/138: loss=5.94126, lr=0.00082598
  train batch 30/138: loss=5.31182, lr=0.00082532
  train batch 40/138: loss=5.78182, lr=0.00082465
  train batch 50/138: loss=6.56588, lr=0.00082399
  train batch 60/138: loss=6.18157, lr=0.00082332
  train batch 70/138: loss=6.11026, lr=0.00082265
  train batch 80/138: loss=5.72332, lr=0.00082199
  train batch 90/138: loss=5.86036, lr=0.00082132
  train batch 100/138: loss=6.05966, lr=0.00082065
  train batch 110/138: loss=5.47448, lr=0.00081999
  train batch 120/138: loss=5.57196, lr=0.00081932
  train batch 130/138: loss=7.15191, lr=0.00081865
  train loss=5.93736, mIoU=0.5245
  val loss=5.52980, mIoU=0.4185, smoke IoU=0.3143, fire IoU=0.1674
  EMA prototype: train=0.73268, val=0.84185, weight=0.04999
  prototype health valid: True
Epoch 21/30
  train batch 1/138: loss=5.75002, lr=0.00081805
  train batch 10/138: loss=6.52362, lr=0.00081745
  train batch 20/138: loss=5.62432, lr=0.00081678
  train batch 30/138: loss=5.81811, lr=0.00081612
  train batch 40/138: loss=6.55149, lr=0.00081545
  train batch 50/138: loss=5.60235, lr=0.00081478
  train batch 60/138: loss=5.91249, lr=0.00081412
  train batch 70/138: loss=5.54856, lr=0.00081345
  train batch 80/138: loss=5.71188, lr=0.00081278
  train batch 90/138: loss=5.82968, lr=0.00081211
  train batch 100/138: loss=5.58305, lr=0.00081145
  train batch 110/138: loss=6.69269, lr=0.00081078
  train batch 120/138: loss=5.59298, lr=0.00081011
  train batch 130/138: loss=5.52439, lr=0.00080944
  train loss=5.87741, mIoU=0.5269
  val loss=5.35591, mIoU=0.5453, smoke IoU=0.6280, fire IoU=0.1856
  EMA prototype: train=0.72702, val=0.78569, weight=0.04999
  prototype health valid: True
Epoch 22/30
  train batch 1/138: loss=5.86469, lr=0.00080884
  train batch 10/138: loss=5.71725, lr=0.00080824
  train batch 20/138: loss=6.42981, lr=0.00080757
  train batch 30/138: loss=5.85417, lr=0.00080691
  train batch 40/138: loss=6.31068, lr=0.00080624
  train batch 50/138: loss=5.69134, lr=0.00080557
  train batch 60/138: loss=5.67287, lr=0.00080490
  train batch 70/138: loss=6.89066, lr=0.00080423
  train batch 80/138: loss=5.71171, lr=0.00080357
  train batch 90/138: loss=5.93973, lr=0.00080290
  train batch 100/138: loss=5.66319, lr=0.00080223
  train batch 110/138: loss=5.98088, lr=0.00080156
  train batch 120/138: loss=5.88263, lr=0.00080089
  train batch 130/138: loss=5.61072, lr=0.00080022
  train loss=5.88110, mIoU=0.5171
  val loss=5.29694, mIoU=0.4900, smoke IoU=0.4735, fire IoU=0.1754
  EMA prototype: train=0.72412, val=0.78040, weight=0.04999
  prototype health valid: True
Epoch 23/30
  train batch 1/138: loss=5.81935, lr=0.00079962
  train batch 10/138: loss=5.50571, lr=0.00079902
  train batch 20/138: loss=6.65864, lr=0.00079835
  train batch 30/138: loss=6.31210, lr=0.00079768
  train batch 40/138: loss=5.85991, lr=0.00079701
  train batch 50/138: loss=5.21589, lr=0.00079635
  train batch 60/138: loss=5.62872, lr=0.00079568
  train batch 70/138: loss=6.01669, lr=0.00079501
  train batch 80/138: loss=5.48539, lr=0.00079434
  train batch 90/138: loss=5.29974, lr=0.00079367
  train batch 100/138: loss=5.82281, lr=0.00079300
  train batch 110/138: loss=5.58277, lr=0.00079233
  train batch 120/138: loss=5.83084, lr=0.00079166
  train batch 130/138: loss=5.34723, lr=0.00079099
  train loss=5.78130, mIoU=0.5339
  val loss=5.42465, mIoU=0.5825, smoke IoU=0.7324, fire IoU=0.1865
  EMA prototype: train=0.71863, val=0.78376, weight=0.04999
  prototype health valid: True
Epoch 24/30
  train batch 1/138: loss=5.49040, lr=0.00079039
  train batch 10/138: loss=6.12436, lr=0.00078979
  train batch 20/138: loss=5.99649, lr=0.00078912
  train batch 30/138: loss=5.45664, lr=0.00078845
  train batch 40/138: loss=5.66539, lr=0.00078778
  train batch 50/138: loss=5.39842, lr=0.00078711
  train batch 60/138: loss=5.94209, lr=0.00078644
  train batch 70/138: loss=5.46180, lr=0.00078577
  train batch 80/138: loss=5.69888, lr=0.00078510
  train batch 90/138: loss=5.51017, lr=0.00078443
  train batch 100/138: loss=5.77850, lr=0.00078376
  train batch 110/138: loss=5.75253, lr=0.00078309
  train batch 120/138: loss=5.89390, lr=0.00078242
  train batch 130/138: loss=5.82304, lr=0.00078175
  train loss=5.85895, mIoU=0.5159
  val loss=5.42663, mIoU=0.5855, smoke IoU=0.6984, fire IoU=0.2058
  EMA prototype: train=0.73120, val=0.75113, weight=0.04999
  prototype health valid: True
Epoch 25/30
  train batch 1/138: loss=5.46503, lr=0.00078115
  train batch 10/138: loss=5.74654, lr=0.00078054
  train batch 20/138: loss=5.95468, lr=0.00077987
  train batch 30/138: loss=5.51828, lr=0.00077920
  train batch 40/138: loss=5.18235, lr=0.00077853
  train batch 50/138: loss=5.88702, lr=0.00077786
  train batch 60/138: loss=5.96878, lr=0.00077719
  train batch 70/138: loss=5.64958, lr=0.00077652
  train batch 80/138: loss=5.84110, lr=0.00077585
  train batch 90/138: loss=5.50809, lr=0.00077518
  train batch 100/138: loss=5.44780, lr=0.00077451
  train batch 110/138: loss=5.56549, lr=0.00077384
  train batch 120/138: loss=5.35070, lr=0.00077316
  train batch 130/138: loss=5.89399, lr=0.00077249
  train loss=5.74504, mIoU=0.5421
  val loss=5.68866, mIoU=0.5523, smoke IoU=0.6245, fire IoU=0.1996
  EMA prototype: train=0.70724, val=0.74574, weight=0.04999
  prototype health valid: True
Epoch 26/30
  train batch 1/138: loss=5.99801, lr=0.00077189
  train batch 10/138: loss=5.20816, lr=0.00077129
  train batch 20/138: loss=5.60505, lr=0.00077061
  train batch 30/138: loss=5.63528, lr=0.00076994
  train batch 40/138: loss=5.65920, lr=0.00076927
  train batch 50/138: loss=5.87068, lr=0.00076860
  train batch 60/138: loss=5.38465, lr=0.00076793
  train batch 70/138: loss=5.44184, lr=0.00076726
  train batch 80/138: loss=5.60323, lr=0.00076658
  train batch 90/138: loss=6.98409, lr=0.00076591
  train batch 100/138: loss=5.61760, lr=0.00076524
  train batch 110/138: loss=6.07136, lr=0.00076457
  train batch 120/138: loss=6.17003, lr=0.00076390
  train batch 130/138: loss=5.93272, lr=0.00076323
  train loss=5.81542, mIoU=0.5336
  val loss=5.49241, mIoU=0.5933, smoke IoU=0.7549, fire IoU=0.1773
  EMA prototype: train=0.71572, val=0.74593, weight=0.04999
  prototype health valid: True
Epoch 27/30
  train batch 1/138: loss=5.98790, lr=0.00076262
  train batch 10/138: loss=5.24186, lr=0.00076202
  train batch 20/138: loss=5.43476, lr=0.00076134
  train batch 30/138: loss=5.12460, lr=0.00076067
  train batch 40/138: loss=5.68080, lr=0.00076000
  train batch 50/138: loss=5.65765, lr=0.00075933
  train batch 60/138: loss=5.87525, lr=0.00075865
  train batch 70/138: loss=6.02811, lr=0.00075798
  train batch 80/138: loss=5.88750, lr=0.00075731
  train batch 90/138: loss=5.69196, lr=0.00075664
  train batch 100/138: loss=5.71418, lr=0.00075596
  train batch 110/138: loss=6.30794, lr=0.00075529
  train batch 120/138: loss=5.86961, lr=0.00075462
  train batch 130/138: loss=5.94885, lr=0.00075394
  train loss=5.79550, mIoU=0.5319
  val loss=5.51769, mIoU=0.5634, smoke IoU=0.6206, fire IoU=0.2077
  EMA prototype: train=0.70921, val=0.73269, weight=0.04999
  prototype health valid: True
Epoch 28/30
  train batch 1/138: loss=5.96515, lr=0.00075334
  train batch 10/138: loss=5.50945, lr=0.00075273
  train batch 20/138: loss=5.44175, lr=0.00075206
  train batch 30/138: loss=5.89095, lr=0.00075139
  train batch 40/138: loss=5.97122, lr=0.00075071
  train batch 50/138: loss=5.88806, lr=0.00075004
  train batch 60/138: loss=6.25414, lr=0.00074937
  train batch 70/138: loss=5.91527, lr=0.00074869
  train batch 80/138: loss=5.69271, lr=0.00074802
  train batch 90/138: loss=5.73744, lr=0.00074735
  train batch 100/138: loss=5.89588, lr=0.00074667
  train batch 110/138: loss=4.97334, lr=0.00074600
  train batch 120/138: loss=6.64313, lr=0.00074533
  train batch 130/138: loss=5.93370, lr=0.00074465
  train loss=5.70369, mIoU=0.5460
  val loss=5.33062, mIoU=0.5955, smoke IoU=0.7352, fire IoU=0.2097
  EMA prototype: train=0.69605, val=0.73812, weight=0.04999
  prototype health valid: True
Epoch 29/30
  train batch 1/138: loss=5.60941, lr=0.00074405
  train batch 10/138: loss=6.93667, lr=0.00074344
  train batch 20/138: loss=5.40791, lr=0.00074276
  train batch 30/138: loss=5.61797, lr=0.00074209
  train batch 40/138: loss=5.56688, lr=0.00074142
  train batch 50/138: loss=5.21323, lr=0.00074074
  train batch 60/138: loss=5.47687, lr=0.00074007
  train batch 70/138: loss=5.65916, lr=0.00073939
  train batch 80/138: loss=5.50845, lr=0.00073872
  train batch 90/138: loss=6.15569, lr=0.00073804
  train batch 100/138: loss=5.63401, lr=0.00073737
  train batch 110/138: loss=5.51511, lr=0.00073669
  train batch 120/138: loss=5.93999, lr=0.00073602
  train batch 130/138: loss=5.33066, lr=0.00073535
  train loss=5.70032, mIoU=0.5383
  val loss=5.35216, mIoU=0.5467, smoke IoU=0.6182, fire IoU=0.1943
  EMA prototype: train=0.69436, val=0.77040, weight=0.04999
  prototype health valid: True
Epoch 30/30
  train batch 1/138: loss=5.52864, lr=0.00073474
  train batch 10/138: loss=5.54722, lr=0.00073413
  train batch 20/138: loss=5.54738, lr=0.00073346
  train batch 30/138: loss=5.34520, lr=0.00073278
  train batch 40/138: loss=5.65833, lr=0.00073211
  train batch 50/138: loss=5.81888, lr=0.00073143
  train batch 60/138: loss=5.98787, lr=0.00073075
  train batch 70/138: loss=6.24113, lr=0.00073008
  train batch 80/138: loss=5.70817, lr=0.00072940
  train batch 90/138: loss=5.97496, lr=0.00072873
  train batch 100/138: loss=5.45619, lr=0.00072805
  train batch 110/138: loss=5.70363, lr=0.00072738
  train batch 120/138: loss=5.47571, lr=0.00072670
  train batch 130/138: loss=5.51562, lr=0.00072603
  train loss=5.76173, mIoU=0.5376
  val loss=5.36194, mIoU=0.5797, smoke IoU=0.7063, fire IoU=0.2017
  EMA prototype: train=0.69642, val=0.77253, weight=0.04999
  prototype health valid: True
Training run completed
Best validation mIoU: 0.5993
Elapsed time: 1108.2 seconds
Peak allocated GPU memory: 236.6 MB
Metrics: G:\py2\experiments\pidnet_s_dfm_mproto\p1_30e_label_fix\metrics.jsonl
