Pretrained initialization: G:\py2\weights\PIDNet_S_ImageNet.pth.tar (302 tensors matched)
Run directory: G:\py2\experiments\pidnet_s_dfm_mproto\p4_30e_label_fix
Train/val samples: 552/240
Epochs: 30, batch size: 4, AMP: True
Learning-rate schedule horizon: 100 epochs
Matched pretrained tensors: 302
Epoch 1/30
  train batch 1/138: loss=16.67775, lr=0.00100000
  train batch 10/138: loss=17.32063, lr=0.00099941
  train batch 20/138: loss=13.03028, lr=0.00099876
  train batch 30/138: loss=12.21311, lr=0.00099811
  train batch 40/138: loss=11.22666, lr=0.00099746
  train batch 50/138: loss=10.27547, lr=0.00099680
  train batch 60/138: loss=9.26933, lr=0.00099615
  train batch 70/138: loss=9.59223, lr=0.00099550
  train batch 80/138: loss=10.30432, lr=0.00099485
  train batch 90/138: loss=8.10577, lr=0.00099419
  train batch 100/138: loss=8.24456, lr=0.00099354
  train batch 110/138: loss=8.00933, lr=0.00099289
  train batch 120/138: loss=7.66784, lr=0.00099224
  train batch 130/138: loss=7.04306, lr=0.00099158
  train loss=9.76794, mIoU=0.3183
  val loss=7.47210, mIoU=0.4883, smoke IoU=0.6326, fire IoU=0.0908
  EMA prototype: train=1.57130, val=1.44365, weight=0.00000
  prototype health valid: True
Epoch 2/30
  train batch 1/138: loss=7.26907, lr=0.00099100
  train batch 10/138: loss=7.01730, lr=0.00099041
  train batch 20/138: loss=7.72817, lr=0.00098976
  train batch 30/138: loss=8.35217, lr=0.00098910
  train batch 40/138: loss=7.61978, lr=0.00098845
  train batch 50/138: loss=7.58305, lr=0.00098780
  train batch 60/138: loss=7.61072, lr=0.00098714
  train batch 70/138: loss=6.95960, lr=0.00098649
  train batch 80/138: loss=8.23810, lr=0.00098584
  train batch 90/138: loss=7.16781, lr=0.00098518
  train batch 100/138: loss=6.91900, lr=0.00098453
  train batch 110/138: loss=7.25179, lr=0.00098388
  train batch 120/138: loss=7.03237, lr=0.00098322
  train batch 130/138: loss=7.25539, lr=0.00098257
  train loss=7.50346, mIoU=0.4139
  val loss=6.71727, mIoU=0.5535, smoke IoU=0.7237, fire IoU=0.1392
  EMA prototype: train=1.33382, val=1.24495, weight=0.02500
  prototype health valid: True
Epoch 3/30
  train batch 1/138: loss=6.98121, lr=0.00098198
  train batch 10/138: loss=6.97713, lr=0.00098139
  train batch 20/138: loss=7.89007, lr=0.00098074
  train batch 30/138: loss=7.03965, lr=0.00098009
  train batch 40/138: loss=7.49315, lr=0.00097943
  train batch 50/138: loss=7.25473, lr=0.00097878
  train batch 60/138: loss=7.53063, lr=0.00097813
  train batch 70/138: loss=7.93949, lr=0.00097747
  train batch 80/138: loss=6.72163, lr=0.00097682
  train batch 90/138: loss=7.48812, lr=0.00097616
  train batch 100/138: loss=6.92360, lr=0.00097551
  train batch 110/138: loss=6.81151, lr=0.00097486
  train batch 120/138: loss=6.70896, lr=0.00097420
  train batch 130/138: loss=6.97076, lr=0.00097355
  train loss=7.09127, mIoU=0.4511
  val loss=6.65444, mIoU=0.5409, smoke IoU=0.7034, fire IoU=0.1460
  EMA prototype: train=1.25794, val=1.23298, weight=0.04999
  prototype health valid: True
Epoch 4/30
  train batch 1/138: loss=7.30003, lr=0.00097296
  train batch 10/138: loss=6.52580, lr=0.00097237
  train batch 20/138: loss=5.90651, lr=0.00097172
  train batch 30/138: loss=5.92562, lr=0.00097106
  train batch 40/138: loss=6.90015, lr=0.00097041
  train batch 50/138: loss=6.79169, lr=0.00096975
  train batch 60/138: loss=6.96109, lr=0.00096910
  train batch 70/138: loss=6.57082, lr=0.00096844
  train batch 80/138: loss=7.69852, lr=0.00096779
  train batch 90/138: loss=6.51073, lr=0.00096714
  train batch 100/138: loss=6.81761, lr=0.00096648
  train batch 110/138: loss=6.80722, lr=0.00096583
  train batch 120/138: loss=6.64710, lr=0.00096517
  train batch 130/138: loss=7.09625, lr=0.00096452
  train loss=6.91848, mIoU=0.4516
  val loss=6.61106, mIoU=0.5464, smoke IoU=0.6627, fire IoU=0.1471
  EMA prototype: train=1.21672, val=1.17501, weight=0.04999
  prototype health valid: True
Epoch 5/30
  train batch 1/138: loss=6.70634, lr=0.00096393
  train batch 10/138: loss=7.05496, lr=0.00096334
  train batch 20/138: loss=6.59461, lr=0.00096268
  train batch 30/138: loss=6.88237, lr=0.00096203
  train batch 40/138: loss=6.40814, lr=0.00096137
  train batch 50/138: loss=7.09019, lr=0.00096072
  train batch 60/138: loss=8.99756, lr=0.00096006
  train batch 70/138: loss=6.20802, lr=0.00095941
  train batch 80/138: loss=6.84812, lr=0.00095875
  train batch 90/138: loss=7.21939, lr=0.00095810
  train batch 100/138: loss=6.64897, lr=0.00095744
  train batch 110/138: loss=7.38706, lr=0.00095679
  train batch 120/138: loss=6.26519, lr=0.00095613
  train batch 130/138: loss=7.07597, lr=0.00095548
  train loss=6.86750, mIoU=0.4655
  val loss=6.36367, mIoU=0.5488, smoke IoU=0.6845, fire IoU=0.1527
  EMA prototype: train=1.19933, val=1.17568, weight=0.04999
  prototype health valid: True
Epoch 6/30
  train batch 1/138: loss=6.33814, lr=0.00095489
  train batch 10/138: loss=6.33674, lr=0.00095430
  train batch 20/138: loss=5.72783, lr=0.00095364
  train batch 30/138: loss=6.67633, lr=0.00095298
  train batch 40/138: loss=7.37235, lr=0.00095233
  train batch 50/138: loss=7.38607, lr=0.00095167
  train batch 60/138: loss=6.84429, lr=0.00095102
  train batch 70/138: loss=6.80491, lr=0.00095036
  train batch 80/138: loss=7.18118, lr=0.00094971
  train batch 90/138: loss=6.25690, lr=0.00094905
  train batch 100/138: loss=6.41198, lr=0.00094839
  train batch 110/138: loss=6.51548, lr=0.00094774
  train batch 120/138: loss=6.81474, lr=0.00094708
  train batch 130/138: loss=6.20641, lr=0.00094642
  train loss=6.73704, mIoU=0.4848
  val loss=6.24236, mIoU=0.5543, smoke IoU=0.6655, fire IoU=0.1662
  EMA prototype: train=1.20610, val=1.15158, weight=0.04999
  prototype health valid: True
Epoch 7/30
  train batch 1/138: loss=5.61744, lr=0.00094583
  train batch 10/138: loss=6.03434, lr=0.00094524
  train batch 20/138: loss=6.60654, lr=0.00094459
  train batch 30/138: loss=5.89898, lr=0.00094393
  train batch 40/138: loss=6.49554, lr=0.00094327
  train batch 50/138: loss=6.55947, lr=0.00094262
  train batch 60/138: loss=6.71463, lr=0.00094196
  train batch 70/138: loss=6.55445, lr=0.00094131
  train batch 80/138: loss=6.25135, lr=0.00094065
  train batch 90/138: loss=6.87726, lr=0.00093999
  train batch 100/138: loss=7.29529, lr=0.00093934
  train batch 110/138: loss=6.30502, lr=0.00093868
  train batch 120/138: loss=6.54681, lr=0.00093802
  train batch 130/138: loss=7.17137, lr=0.00093736
  train loss=6.61692, mIoU=0.4962
  val loss=6.27688, mIoU=0.5312, smoke IoU=0.5755, fire IoU=0.1765
  EMA prototype: train=1.18032, val=1.14697, weight=0.04999
  prototype health valid: True
Epoch 8/30
  train batch 1/138: loss=6.38920, lr=0.00093677
  train batch 10/138: loss=6.44049, lr=0.00093618
  train batch 20/138: loss=5.70301, lr=0.00093553
  train batch 30/138: loss=6.50443, lr=0.00093487
  train batch 40/138: loss=6.43720, lr=0.00093421
  train batch 50/138: loss=6.46681, lr=0.00093355
  train batch 60/138: loss=6.36973, lr=0.00093290
  train batch 70/138: loss=6.45957, lr=0.00093224
  train batch 80/138: loss=6.89814, lr=0.00093158
  train batch 90/138: loss=6.63007, lr=0.00093092
  train batch 100/138: loss=5.87693, lr=0.00093027
  train batch 110/138: loss=5.86954, lr=0.00092961
  train batch 120/138: loss=5.91458, lr=0.00092895
  train batch 130/138: loss=6.04100, lr=0.00092830
  train loss=6.53403, mIoU=0.5054
  val loss=6.02456, mIoU=0.5477, smoke IoU=0.6317, fire IoU=0.1774
  EMA prototype: train=1.19393, val=1.16200, weight=0.04999
  prototype health valid: True
Epoch 9/30
  train batch 1/138: loss=6.01650, lr=0.00092770
  train batch 10/138: loss=6.37529, lr=0.00092711
  train batch 20/138: loss=6.62304, lr=0.00092645
  train batch 30/138: loss=7.05113, lr=0.00092580
  train batch 40/138: loss=6.09052, lr=0.00092514
  train batch 50/138: loss=7.45764, lr=0.00092448
  train batch 60/138: loss=7.51739, lr=0.00092382
  train batch 70/138: loss=6.09907, lr=0.00092316
  train batch 80/138: loss=6.39938, lr=0.00092251
  train batch 90/138: loss=6.66591, lr=0.00092185
  train batch 100/138: loss=6.27701, lr=0.00092119
  train batch 110/138: loss=5.90165, lr=0.00092053
  train batch 120/138: loss=6.20372, lr=0.00091987
  train batch 130/138: loss=6.65130, lr=0.00091922
  train loss=6.62476, mIoU=0.4927
  val loss=6.20633, mIoU=0.5655, smoke IoU=0.6629, fire IoU=0.1877
  EMA prototype: train=1.20933, val=1.14438, weight=0.04999
  prototype health valid: True
Epoch 10/30
  train batch 1/138: loss=6.73366, lr=0.00091862
  train batch 10/138: loss=6.44931, lr=0.00091803
  train batch 20/138: loss=6.00331, lr=0.00091737
  train batch 30/138: loss=6.97995, lr=0.00091671
  train batch 40/138: loss=6.36900, lr=0.00091605
  train batch 50/138: loss=6.58044, lr=0.00091540
  train batch 60/138: loss=7.72876, lr=0.00091474
  train batch 70/138: loss=6.48542, lr=0.00091408
  train batch 80/138: loss=7.13118, lr=0.00091342
  train batch 90/138: loss=6.90620, lr=0.00091276
  train batch 100/138: loss=6.19431, lr=0.00091210
  train batch 110/138: loss=6.89336, lr=0.00091144
  train batch 120/138: loss=7.13403, lr=0.00091078
  train batch 130/138: loss=6.89381, lr=0.00091013
  train loss=6.51118, mIoU=0.5194
  val loss=5.93827, mIoU=0.5827, smoke IoU=0.7126, fire IoU=0.1652
  EMA prototype: train=1.18913, val=1.13505, weight=0.04999
  prototype health valid: True
Epoch 11/30
  train batch 1/138: loss=6.13082, lr=0.00090953
  train batch 10/138: loss=6.67427, lr=0.00090894
  train batch 20/138: loss=7.10214, lr=0.00090828
  train batch 30/138: loss=6.69550, lr=0.00090762
  train batch 40/138: loss=6.84604, lr=0.00090696
  train batch 50/138: loss=6.45264, lr=0.00090630
  train batch 60/138: loss=5.81581, lr=0.00090564
  train batch 70/138: loss=7.76476, lr=0.00090498
  train batch 80/138: loss=6.86843, lr=0.00090432
  train batch 90/138: loss=6.42860, lr=0.00090366
  train batch 100/138: loss=6.32905, lr=0.00090301
  train batch 110/138: loss=5.99191, lr=0.00090235
  train batch 120/138: loss=8.53029, lr=0.00090169
  train batch 130/138: loss=5.94128, lr=0.00090103
  train loss=6.50272, mIoU=0.5122
  val loss=6.24587, mIoU=0.5765, smoke IoU=0.7103, fire IoU=0.1718
  EMA prototype: train=1.18115, val=1.14064, weight=0.04999
  prototype health valid: True
Epoch 12/30
  train batch 1/138: loss=6.25841, lr=0.00090043
  train batch 10/138: loss=5.77720, lr=0.00089984
  train batch 20/138: loss=6.18245, lr=0.00089918
  train batch 30/138: loss=7.45248, lr=0.00089852
  train batch 40/138: loss=6.35945, lr=0.00089786
  train batch 50/138: loss=5.91102, lr=0.00089720
  train batch 60/138: loss=6.15357, lr=0.00089654
  train batch 70/138: loss=6.59337, lr=0.00089588
  train batch 80/138: loss=7.67845, lr=0.00089522
  train batch 90/138: loss=7.48616, lr=0.00089456
  train batch 100/138: loss=6.66211, lr=0.00089390
  train batch 110/138: loss=6.01144, lr=0.00089324
  train batch 120/138: loss=6.58453, lr=0.00089258
  train batch 130/138: loss=6.60492, lr=0.00089192
  train loss=6.50206, mIoU=0.5132
  val loss=5.91440, mIoU=0.5782, smoke IoU=0.7095, fire IoU=0.1860
  EMA prototype: train=1.19494, val=1.12127, weight=0.04999
  prototype health valid: True
Epoch 13/30
  train batch 1/138: loss=6.26582, lr=0.00089132
  train batch 10/138: loss=6.24064, lr=0.00089073
  train batch 20/138: loss=5.82322, lr=0.00089007
  train batch 30/138: loss=6.89121, lr=0.00088941
  train batch 40/138: loss=6.55482, lr=0.00088874
  train batch 50/138: loss=7.05788, lr=0.00088808
  train batch 60/138: loss=7.01630, lr=0.00088742
  train batch 70/138: loss=6.67961, lr=0.00088676
  train batch 80/138: loss=6.25026, lr=0.00088610
  train batch 90/138: loss=6.01523, lr=0.00088544
  train batch 100/138: loss=5.65049, lr=0.00088478
  train batch 110/138: loss=6.40783, lr=0.00088412
  train batch 120/138: loss=6.43599, lr=0.00088346
  train batch 130/138: loss=7.22551, lr=0.00088280
  train loss=6.45268, mIoU=0.5101
  val loss=6.02621, mIoU=0.5526, smoke IoU=0.6307, fire IoU=0.1902
  EMA prototype: train=1.18328, val=1.15825, weight=0.04999
  prototype health valid: True
Epoch 14/30
  train batch 1/138: loss=7.00391, lr=0.00088220
  train batch 10/138: loss=6.31519, lr=0.00088161
  train batch 20/138: loss=5.84206, lr=0.00088094
  train batch 30/138: loss=5.96495, lr=0.00088028
  train batch 40/138: loss=6.45390, lr=0.00087962
  train batch 50/138: loss=5.98117, lr=0.00087896
  train batch 60/138: loss=5.95065, lr=0.00087830
  train batch 70/138: loss=6.32581, lr=0.00087764
  train batch 80/138: loss=6.00229, lr=0.00087697
  train batch 90/138: loss=5.67886, lr=0.00087631
  train batch 100/138: loss=7.12983, lr=0.00087565
  train batch 110/138: loss=6.70757, lr=0.00087499
  train batch 120/138: loss=6.32620, lr=0.00087433
  train batch 130/138: loss=6.52640, lr=0.00087366
  train loss=6.41433, mIoU=0.5184
  val loss=5.95072, mIoU=0.5748, smoke IoU=0.6857, fire IoU=0.1902
  EMA prototype: train=1.18510, val=1.11905, weight=0.04999
  prototype health valid: True
Epoch 15/30
  train batch 1/138: loss=6.05879, lr=0.00087307
  train batch 10/138: loss=6.39941, lr=0.00087247
  train batch 20/138: loss=6.56036, lr=0.00087181
  train batch 30/138: loss=5.66684, lr=0.00087115
  train batch 40/138: loss=6.41356, lr=0.00087049
  train batch 50/138: loss=6.54882, lr=0.00086982
  train batch 60/138: loss=6.39699, lr=0.00086916
  train batch 70/138: loss=6.44318, lr=0.00086850
  train batch 80/138: loss=7.10757, lr=0.00086784
  train batch 90/138: loss=6.16004, lr=0.00086717
  train batch 100/138: loss=6.30108, lr=0.00086651
  train batch 110/138: loss=6.06730, lr=0.00086585
  train batch 120/138: loss=6.08565, lr=0.00086519
  train batch 130/138: loss=6.44031, lr=0.00086452
  train loss=6.34162, mIoU=0.5276
  val loss=5.94673, mIoU=0.5717, smoke IoU=0.6738, fire IoU=0.1873
  EMA prototype: train=1.17302, val=1.10768, weight=0.04999
  prototype health valid: True
Epoch 16/30
  train batch 1/138: loss=6.02770, lr=0.00086393
  train batch 10/138: loss=6.03846, lr=0.00086333
  train batch 20/138: loss=6.55045, lr=0.00086267
  train batch 30/138: loss=6.36893, lr=0.00086200
  train batch 40/138: loss=5.67410, lr=0.00086134
  train batch 50/138: loss=5.97184, lr=0.00086068
  train batch 60/138: loss=6.03958, lr=0.00086002
  train batch 70/138: loss=6.98037, lr=0.00085935
  train batch 80/138: loss=6.34289, lr=0.00085869
  train batch 90/138: loss=6.27178, lr=0.00085803
  train batch 100/138: loss=6.72214, lr=0.00085736
  train batch 110/138: loss=6.67179, lr=0.00085670
  train batch 120/138: loss=6.55545, lr=0.00085603
  train batch 130/138: loss=6.47141, lr=0.00085537
  train loss=6.33893, mIoU=0.5362
  val loss=5.75985, mIoU=0.5704, smoke IoU=0.6565, fire IoU=0.2003
  EMA prototype: train=1.16584, val=1.14163, weight=0.04999
  prototype health valid: True
Epoch 17/30
  train batch 1/138: loss=5.94755, lr=0.00085477
  train batch 10/138: loss=6.59614, lr=0.00085418
  train batch 20/138: loss=6.14683, lr=0.00085351
  train batch 30/138: loss=6.79024, lr=0.00085285
  train batch 40/138: loss=6.59534, lr=0.00085219
  train batch 50/138: loss=9.43058, lr=0.00085152
  train batch 60/138: loss=6.66835, lr=0.00085086
  train batch 70/138: loss=6.72279, lr=0.00085019
  train batch 80/138: loss=6.90829, lr=0.00084953
  train batch 90/138: loss=6.41139, lr=0.00084887
  train batch 100/138: loss=5.94241, lr=0.00084820
  train batch 110/138: loss=6.15038, lr=0.00084754
  train batch 120/138: loss=6.63292, lr=0.00084687
  train batch 130/138: loss=6.55484, lr=0.00084621
  train loss=6.38991, mIoU=0.5248
  val loss=5.73869, mIoU=0.5819, smoke IoU=0.7503, fire IoU=0.1826
  EMA prototype: train=1.17101, val=1.11432, weight=0.04999
  prototype health valid: True
Epoch 18/30
  train batch 1/138: loss=6.13768, lr=0.00084561
  train batch 10/138: loss=5.73052, lr=0.00084501
  train batch 20/138: loss=6.43084, lr=0.00084435
  train batch 30/138: loss=6.08103, lr=0.00084368
  train batch 40/138: loss=6.09885, lr=0.00084302
  train batch 50/138: loss=5.55304, lr=0.00084235
  train batch 60/138: loss=6.62170, lr=0.00084169
  train batch 70/138: loss=6.11946, lr=0.00084102
  train batch 80/138: loss=6.16993, lr=0.00084036
  train batch 90/138: loss=6.65455, lr=0.00083969
  train batch 100/138: loss=6.40248, lr=0.00083903
  train batch 110/138: loss=6.74486, lr=0.00083836
  train batch 120/138: loss=5.87943, lr=0.00083770
  train batch 130/138: loss=5.56378, lr=0.00083703
  train loss=6.30331, mIoU=0.5356
  val loss=5.74710, mIoU=0.5347, smoke IoU=0.5517, fire IoU=0.1940
  EMA prototype: train=1.15958, val=1.09468, weight=0.04999
  prototype health valid: True
Epoch 19/30
  train batch 1/138: loss=6.29907, lr=0.00083644
  train batch 10/138: loss=6.53603, lr=0.00083584
  train batch 20/138: loss=6.43195, lr=0.00083517
  train batch 30/138: loss=6.35240, lr=0.00083451
  train batch 40/138: loss=6.67716, lr=0.00083384
  train batch 50/138: loss=6.41951, lr=0.00083318
  train batch 60/138: loss=6.27797, lr=0.00083251
  train batch 70/138: loss=5.80170, lr=0.00083184
  train batch 80/138: loss=6.37861, lr=0.00083118
  train batch 90/138: loss=5.93702, lr=0.00083051
  train batch 100/138: loss=7.59707, lr=0.00082985
  train batch 110/138: loss=6.33101, lr=0.00082918
  train batch 120/138: loss=5.97295, lr=0.00082851
  train batch 130/138: loss=5.96840, lr=0.00082785
  train loss=6.24912, mIoU=0.5462
  val loss=5.68018, mIoU=0.5989, smoke IoU=0.7461, fire IoU=0.1938
  EMA prototype: train=1.12639, val=1.06556, weight=0.04999
  prototype health valid: True
Epoch 20/30
  train batch 1/138: loss=6.66778, lr=0.00082725
  train batch 10/138: loss=6.12776, lr=0.00082665
  train batch 20/138: loss=6.50585, lr=0.00082598
  train batch 30/138: loss=5.74837, lr=0.00082532
  train batch 40/138: loss=5.92872, lr=0.00082465
  train batch 50/138: loss=7.07280, lr=0.00082399
  train batch 60/138: loss=6.85520, lr=0.00082332
  train batch 70/138: loss=6.43802, lr=0.00082265
  train batch 80/138: loss=5.85177, lr=0.00082199
  train batch 90/138: loss=6.38622, lr=0.00082132
  train batch 100/138: loss=6.24367, lr=0.00082065
  train batch 110/138: loss=5.33849, lr=0.00081999
  train batch 120/138: loss=6.00555, lr=0.00081932
  train batch 130/138: loss=6.58064, lr=0.00081865
  train loss=6.24179, mIoU=0.5446
  val loss=5.79951, mIoU=0.4405, smoke IoU=0.2921, fire IoU=0.1763
  EMA prototype: train=1.11490, val=1.08974, weight=0.04999
  prototype health valid: True
Epoch 21/30
  train batch 1/138: loss=6.34076, lr=0.00081805
  train batch 10/138: loss=6.70025, lr=0.00081745
  train batch 20/138: loss=5.90199, lr=0.00081678
  train batch 30/138: loss=6.23376, lr=0.00081612
  train batch 40/138: loss=6.83254, lr=0.00081545
  train batch 50/138: loss=5.85835, lr=0.00081478
  train batch 60/138: loss=6.27428, lr=0.00081412
  train batch 70/138: loss=5.94402, lr=0.00081345
  train batch 80/138: loss=6.20426, lr=0.00081278
  train batch 90/138: loss=5.93427, lr=0.00081211
  train batch 100/138: loss=6.16973, lr=0.00081145
  train batch 110/138: loss=7.54911, lr=0.00081078
  train batch 120/138: loss=5.88076, lr=0.00081011
  train batch 130/138: loss=5.90394, lr=0.00080944
  train loss=6.25730, mIoU=0.5385
  val loss=5.62813, mIoU=0.5827, smoke IoU=0.6932, fire IoU=0.1975
  EMA prototype: train=1.11875, val=1.04468, weight=0.04999
  prototype health valid: True
Epoch 22/30
  train batch 1/138: loss=6.28851, lr=0.00080884
  train batch 10/138: loss=6.18507, lr=0.00080824
  train batch 20/138: loss=7.95441, lr=0.00080757
  train batch 30/138: loss=6.34447, lr=0.00080691
  train batch 40/138: loss=7.02087, lr=0.00080624
  train batch 50/138: loss=5.98334, lr=0.00080557
  train batch 60/138: loss=5.98682, lr=0.00080490
  train batch 70/138: loss=7.61697, lr=0.00080423
  train batch 80/138: loss=6.12146, lr=0.00080357
  train batch 90/138: loss=6.69026, lr=0.00080290
  train batch 100/138: loss=6.13223, lr=0.00080223
  train batch 110/138: loss=6.53045, lr=0.00080156
  train batch 120/138: loss=6.57112, lr=0.00080089
  train batch 130/138: loss=6.00381, lr=0.00080022
  train loss=6.31828, mIoU=0.5215
  val loss=5.67474, mIoU=0.5580, smoke IoU=0.6595, fire IoU=0.1868
  EMA prototype: train=1.13511, val=1.06442, weight=0.04999
  prototype health valid: True
Epoch 23/30
  train batch 1/138: loss=6.02259, lr=0.00079962
  train batch 10/138: loss=5.94533, lr=0.00079902
  train batch 20/138: loss=7.06845, lr=0.00079835
  train batch 30/138: loss=6.33311, lr=0.00079768
  train batch 40/138: loss=6.35293, lr=0.00079701
  train batch 50/138: loss=5.51114, lr=0.00079635
  train batch 60/138: loss=5.83960, lr=0.00079568
  train batch 70/138: loss=7.04049, lr=0.00079501
  train batch 80/138: loss=5.83991, lr=0.00079434
  train batch 90/138: loss=5.46611, lr=0.00079367
  train batch 100/138: loss=6.41114, lr=0.00079300
  train batch 110/138: loss=5.93981, lr=0.00079233
  train batch 120/138: loss=6.17350, lr=0.00079166
  train batch 130/138: loss=5.95781, lr=0.00079099
  train loss=6.09560, mIoU=0.5435
  val loss=5.56126, mIoU=0.5716, smoke IoU=0.6526, fire IoU=0.2033
  EMA prototype: train=1.12881, val=1.07708, weight=0.04999
  prototype health valid: True
Epoch 24/30
  train batch 1/138: loss=5.66920, lr=0.00079039
  train batch 10/138: loss=6.36830, lr=0.00078979
  train batch 20/138: loss=6.26771, lr=0.00078912
  train batch 30/138: loss=5.81041, lr=0.00078845
  train batch 40/138: loss=6.13242, lr=0.00078778
  train batch 50/138: loss=5.51607, lr=0.00078711
  train batch 60/138: loss=5.99346, lr=0.00078644
  train batch 70/138: loss=5.78444, lr=0.00078577
  train batch 80/138: loss=6.10432, lr=0.00078510
  train batch 90/138: loss=5.91826, lr=0.00078443
  train batch 100/138: loss=6.15225, lr=0.00078376
  train batch 110/138: loss=6.06938, lr=0.00078309
  train batch 120/138: loss=6.11427, lr=0.00078242
  train batch 130/138: loss=5.83772, lr=0.00078175
  train loss=6.13079, mIoU=0.5297
  val loss=5.59142, mIoU=0.5052, smoke IoU=0.4539, fire IoU=0.1896
  EMA prototype: train=1.13469, val=1.08481, weight=0.04999
  prototype health valid: True
Epoch 25/30
  train batch 1/138: loss=5.75343, lr=0.00078115
  train batch 10/138: loss=6.20360, lr=0.00078054
  train batch 20/138: loss=5.95877, lr=0.00077987
  train batch 30/138: loss=5.91336, lr=0.00077920
  train batch 40/138: loss=5.72114, lr=0.00077853
  train batch 50/138: loss=6.08582, lr=0.00077786
  train batch 60/138: loss=6.17086, lr=0.00077719
  train batch 70/138: loss=5.90001, lr=0.00077652
  train batch 80/138: loss=6.63457, lr=0.00077585
  train batch 90/138: loss=5.89678, lr=0.00077518
  train batch 100/138: loss=5.91006, lr=0.00077451
  train batch 110/138: loss=5.74453, lr=0.00077384
  train batch 120/138: loss=5.53518, lr=0.00077316
  train batch 130/138: loss=5.88174, lr=0.00077249
  train loss=5.99361, mIoU=0.5465
  val loss=5.83124, mIoU=0.5967, smoke IoU=0.7327, fire IoU=0.2094
  EMA prototype: train=1.11271, val=1.08663, weight=0.04999
  prototype health valid: True
Epoch 26/30
  train batch 1/138: loss=6.23116, lr=0.00077189
  train batch 10/138: loss=5.58463, lr=0.00077129
  train batch 20/138: loss=5.71213, lr=0.00077061
  train batch 30/138: loss=5.75277, lr=0.00076994
  train batch 40/138: loss=5.81537, lr=0.00076927
  train batch 50/138: loss=5.92068, lr=0.00076860
  train batch 60/138: loss=5.66988, lr=0.00076793
  train batch 70/138: loss=5.66030, lr=0.00076726
  train batch 80/138: loss=5.78019, lr=0.00076658
  train batch 90/138: loss=6.72665, lr=0.00076591
  train batch 100/138: loss=5.65232, lr=0.00076524
  train batch 110/138: loss=6.43240, lr=0.00076457
  train batch 120/138: loss=6.72301, lr=0.00076390
  train batch 130/138: loss=5.98179, lr=0.00076323
  train loss=5.96421, mIoU=0.5462
  val loss=5.62607, mIoU=0.5911, smoke IoU=0.7291, fire IoU=0.1919
  EMA prototype: train=1.10105, val=1.08874, weight=0.04999
  prototype health valid: True
Epoch 27/30
  train batch 1/138: loss=6.20545, lr=0.00076262
  train batch 10/138: loss=5.31912, lr=0.00076202
  train batch 20/138: loss=5.56973, lr=0.00076134
  train batch 30/138: loss=5.24896, lr=0.00076067
  train batch 40/138: loss=6.05196, lr=0.00076000
  train batch 50/138: loss=5.69827, lr=0.00075933
  train batch 60/138: loss=6.30178, lr=0.00075865
  train batch 70/138: loss=6.48789, lr=0.00075798
  train batch 80/138: loss=6.12128, lr=0.00075731
  train batch 90/138: loss=5.93190, lr=0.00075664
  train batch 100/138: loss=5.97698, lr=0.00075596
  train batch 110/138: loss=6.43362, lr=0.00075529
  train batch 120/138: loss=5.92966, lr=0.00075462
  train batch 130/138: loss=6.09347, lr=0.00075394
  train loss=5.94498, mIoU=0.5389
  val loss=5.44340, mIoU=0.4829, smoke IoU=0.4013, fire IoU=0.1842
  EMA prototype: train=1.11179, val=1.09217, weight=0.04999
  prototype health valid: True
Epoch 28/30
  train batch 1/138: loss=5.97036, lr=0.00075334
  train batch 10/138: loss=5.62565, lr=0.00075273
  train batch 20/138: loss=5.62343, lr=0.00075206
  train batch 30/138: loss=6.05548, lr=0.00075139
  train batch 40/138: loss=6.17481, lr=0.00075071
  train batch 50/138: loss=6.09601, lr=0.00075004
  train batch 60/138: loss=6.64727, lr=0.00074937
  train batch 70/138: loss=5.86640, lr=0.00074869
  train batch 80/138: loss=6.12955, lr=0.00074802
  train batch 90/138: loss=5.85321, lr=0.00074735
  train batch 100/138: loss=5.91052, lr=0.00074667
  train batch 110/138: loss=5.11010, lr=0.00074600
  train batch 120/138: loss=6.56409, lr=0.00074533
  train batch 130/138: loss=5.94444, lr=0.00074465
  train loss=5.82745, mIoU=0.5544
  val loss=5.38954, mIoU=0.5595, smoke IoU=0.6337, fire IoU=0.2014
  EMA prototype: train=1.08067, val=1.08795, weight=0.04999
  prototype health valid: True
Epoch 29/30
  train batch 1/138: loss=5.69672, lr=0.00074405
  train batch 10/138: loss=7.73198, lr=0.00074344
  train batch 20/138: loss=5.40201, lr=0.00074276
  train batch 30/138: loss=5.66127, lr=0.00074209
  train batch 40/138: loss=5.72425, lr=0.00074142
  train batch 50/138: loss=5.31700, lr=0.00074074
  train batch 60/138: loss=5.60924, lr=0.00074007
  train batch 70/138: loss=5.83017, lr=0.00073939
  train batch 80/138: loss=5.62020, lr=0.00073872
  train batch 90/138: loss=5.99340, lr=0.00073804
  train batch 100/138: loss=5.72733, lr=0.00073737
  train batch 110/138: loss=5.53847, lr=0.00073669
  train batch 120/138: loss=6.13585, lr=0.00073602
  train batch 130/138: loss=5.43425, lr=0.00073535
  train loss=5.81119, mIoU=0.5412
  val loss=5.29951, mIoU=0.5541, smoke IoU=0.6187, fire IoU=0.1904
  EMA prototype: train=1.10035, val=1.07747, weight=0.04999
  prototype health valid: True
Epoch 30/30
  train batch 1/138: loss=5.76377, lr=0.00073474
  train batch 10/138: loss=5.68255, lr=0.00073413
  train batch 20/138: loss=5.88633, lr=0.00073346
  train batch 30/138: loss=5.49003, lr=0.00073278
  train batch 40/138: loss=5.72808, lr=0.00073211
  train batch 50/138: loss=5.77870, lr=0.00073143
  train batch 60/138: loss=6.67772, lr=0.00073075
  train batch 70/138: loss=6.31536, lr=0.00073008
  train batch 80/138: loss=6.00597, lr=0.00072940
  train batch 90/138: loss=6.19169, lr=0.00072873
  train batch 100/138: loss=5.39538, lr=0.00072805
  train batch 110/138: loss=5.86426, lr=0.00072738
  train batch 120/138: loss=5.44701, lr=0.00072670
  train batch 130/138: loss=5.68877, lr=0.00072603
  train loss=5.84885, mIoU=0.5374
  val loss=5.23219, mIoU=0.5546, smoke IoU=0.6215, fire IoU=0.1982
  EMA prototype: train=1.09746, val=1.10939, weight=0.04999
  prototype health valid: True
Training run completed
Best validation mIoU: 0.5989
Elapsed time: 1448.0 seconds
Peak allocated GPU memory: 236.6 MB
Metrics: G:\py2\experiments\pidnet_s_dfm_mproto\p4_30e_label_fix\metrics.jsonl
