Pretrained initialization: G:\py2\weights\PIDNet_S_ImageNet.pth.tar (302 tensors matched)
Run directory: G:\py2\experiments\pidnet_s_deconv\deconv_d1_30e_label_fix
Train/val samples: 552/240
Epochs: 30, batch size: 4, AMP: True
Learning-rate schedule horizon: 100 epochs
Matched pretrained tensors: 302
Epoch 1/30
  train batch 1/138: loss=16.67775, lr=0.00100000
  train batch 10/138: loss=15.75599, lr=0.00099941
  train batch 20/138: loss=12.94023, lr=0.00099876
  train batch 30/138: loss=12.72977, lr=0.00099811
  train batch 40/138: loss=12.39528, lr=0.00099746
  train batch 50/138: loss=12.25049, lr=0.00099680
  train batch 60/138: loss=9.30680, lr=0.00099615
  train batch 70/138: loss=9.03267, lr=0.00099550
  train batch 80/138: loss=10.04313, lr=0.00099485
  train batch 90/138: loss=8.36906, lr=0.00099419
  train batch 100/138: loss=7.80097, lr=0.00099354
  train batch 110/138: loss=9.21535, lr=0.00099289
  train batch 120/138: loss=8.58094, lr=0.00099224
  train batch 130/138: loss=7.02205, lr=0.00099158
  train loss=10.07058, mIoU=0.3146
  val loss=7.88352, mIoU=0.4655, smoke IoU=0.6259, fire IoU=0.0609
Epoch 2/30
  train batch 1/138: loss=7.66710, lr=0.00099100
  train batch 10/138: loss=7.06201, lr=0.00099041
  train batch 20/138: loss=7.69068, lr=0.00098976
  train batch 30/138: loss=8.81586, lr=0.00098910
  train batch 40/138: loss=8.07101, lr=0.00098845
  train batch 50/138: loss=7.80710, lr=0.00098780
  train batch 60/138: loss=7.91925, lr=0.00098714
  train batch 70/138: loss=6.87000, lr=0.00098649
  train batch 80/138: loss=8.21124, lr=0.00098584
  train batch 90/138: loss=7.01414, lr=0.00098518
  train batch 100/138: loss=7.14969, lr=0.00098453
  train batch 110/138: loss=7.04733, lr=0.00098388
  train batch 120/138: loss=6.91094, lr=0.00098322
  train batch 130/138: loss=7.53520, lr=0.00098257
  train loss=7.62332, mIoU=0.4084
  val loss=6.61073, mIoU=0.4792, smoke IoU=0.5093, fire IoU=0.1485
Epoch 3/30
  train batch 1/138: loss=7.03047, lr=0.00098198
  train batch 10/138: loss=6.77393, lr=0.00098139
  train batch 20/138: loss=8.03669, lr=0.00098074
  train batch 30/138: loss=7.21255, lr=0.00098009
  train batch 40/138: loss=7.26253, lr=0.00097943
  train batch 50/138: loss=7.35244, lr=0.00097878
  train batch 60/138: loss=7.24862, lr=0.00097813
  train batch 70/138: loss=7.63805, lr=0.00097747
  train batch 80/138: loss=6.62399, lr=0.00097682
  train batch 90/138: loss=7.14230, lr=0.00097616
  train batch 100/138: loss=6.65448, lr=0.00097551
  train batch 110/138: loss=6.75608, lr=0.00097486
  train batch 120/138: loss=6.69066, lr=0.00097420
  train batch 130/138: loss=6.57164, lr=0.00097355
  train loss=7.07870, mIoU=0.4442
  val loss=6.71082, mIoU=0.5561, smoke IoU=0.7335, fire IoU=0.1307
Epoch 4/30
  train batch 1/138: loss=7.11961, lr=0.00097296
  train batch 10/138: loss=6.78587, lr=0.00097237
  train batch 20/138: loss=6.13104, lr=0.00097172
  train batch 30/138: loss=6.06238, lr=0.00097106
  train batch 40/138: loss=7.11801, lr=0.00097041
  train batch 50/138: loss=6.63247, lr=0.00096975
  train batch 60/138: loss=7.26892, lr=0.00096910
  train batch 70/138: loss=6.47984, lr=0.00096844
  train batch 80/138: loss=7.14636, lr=0.00096779
  train batch 90/138: loss=6.43815, lr=0.00096714
  train batch 100/138: loss=6.78982, lr=0.00096648
  train batch 110/138: loss=6.79914, lr=0.00096583
  train batch 120/138: loss=6.59884, lr=0.00096517
  train batch 130/138: loss=6.92940, lr=0.00096452
  train loss=6.92814, mIoU=0.4542
  val loss=6.59825, mIoU=0.5682, smoke IoU=0.7508, fire IoU=0.1293
Epoch 5/30
  train batch 1/138: loss=6.59104, lr=0.00096393
  train batch 10/138: loss=6.84103, lr=0.00096334
  train batch 20/138: loss=6.68213, lr=0.00096268
  train batch 30/138: loss=6.57639, lr=0.00096203
  train batch 40/138: loss=6.44819, lr=0.00096137
  train batch 50/138: loss=7.39250, lr=0.00096072
  train batch 60/138: loss=9.70277, lr=0.00096006
  train batch 70/138: loss=6.08625, lr=0.00095941
  train batch 80/138: loss=6.71064, lr=0.00095875
  train batch 90/138: loss=7.40326, lr=0.00095810
  train batch 100/138: loss=6.52955, lr=0.00095744
  train batch 110/138: loss=6.85358, lr=0.00095679
  train batch 120/138: loss=6.21054, lr=0.00095613
  train batch 130/138: loss=7.21235, lr=0.00095548
  train loss=6.84013, mIoU=0.4624
  val loss=6.25179, mIoU=0.5333, smoke IoU=0.6408, fire IoU=0.1542
Epoch 6/30
  train batch 1/138: loss=6.44726, lr=0.00095489
  train batch 10/138: loss=6.21295, lr=0.00095430
  train batch 20/138: loss=5.51363, lr=0.00095364
  train batch 30/138: loss=6.47257, lr=0.00095298
  train batch 40/138: loss=7.63017, lr=0.00095233
  train batch 50/138: loss=7.30561, lr=0.00095167
  train batch 60/138: loss=6.85136, lr=0.00095102
  train batch 70/138: loss=6.49191, lr=0.00095036
  train batch 80/138: loss=7.30478, lr=0.00094971
  train batch 90/138: loss=6.20846, lr=0.00094905
  train batch 100/138: loss=6.62210, lr=0.00094839
  train batch 110/138: loss=6.55683, lr=0.00094774
  train batch 120/138: loss=6.50825, lr=0.00094708
  train batch 130/138: loss=6.08271, lr=0.00094642
  train loss=6.71393, mIoU=0.4822
  val loss=6.20346, mIoU=0.5733, smoke IoU=0.7568, fire IoU=0.1479
Epoch 7/30
  train batch 1/138: loss=5.72398, lr=0.00094583
  train batch 10/138: loss=5.97996, lr=0.00094524
  train batch 20/138: loss=6.47767, lr=0.00094459
  train batch 30/138: loss=5.90169, lr=0.00094393
  train batch 40/138: loss=6.48973, lr=0.00094327
  train batch 50/138: loss=6.54903, lr=0.00094262
  train batch 60/138: loss=6.59032, lr=0.00094196
  train batch 70/138: loss=6.66606, lr=0.00094131
  train batch 80/138: loss=5.94666, lr=0.00094065
  train batch 90/138: loss=6.65951, lr=0.00093999
  train batch 100/138: loss=7.05278, lr=0.00093934
  train batch 110/138: loss=6.26340, lr=0.00093868
  train batch 120/138: loss=6.28833, lr=0.00093802
  train batch 130/138: loss=6.95368, lr=0.00093736
  train loss=6.59304, mIoU=0.4888
  val loss=6.27200, mIoU=0.5462, smoke IoU=0.6610, fire IoU=0.1660
Epoch 8/30
  train batch 1/138: loss=6.39243, lr=0.00093677
  train batch 10/138: loss=6.26262, lr=0.00093618
  train batch 20/138: loss=5.79091, lr=0.00093553
  train batch 30/138: loss=6.44350, lr=0.00093487
  train batch 40/138: loss=6.60756, lr=0.00093421
  train batch 50/138: loss=6.22711, lr=0.00093355
  train batch 60/138: loss=6.28807, lr=0.00093290
  train batch 70/138: loss=6.24962, lr=0.00093224
  train batch 80/138: loss=6.67244, lr=0.00093158
  train batch 90/138: loss=6.46161, lr=0.00093092
  train batch 100/138: loss=6.01089, lr=0.00093027
  train batch 110/138: loss=5.84872, lr=0.00092961
  train batch 120/138: loss=5.87185, lr=0.00092895
  train batch 130/138: loss=6.24574, lr=0.00092830
  train loss=6.49022, mIoU=0.4981
  val loss=6.37040, mIoU=0.4994, smoke IoU=0.5837, fire IoU=0.1821
Epoch 9/30
  train batch 1/138: loss=5.94184, lr=0.00092770
  train batch 10/138: loss=6.33393, lr=0.00092711
  train batch 20/138: loss=6.47594, lr=0.00092645
  train batch 30/138: loss=6.71345, lr=0.00092580
  train batch 40/138: loss=5.97635, lr=0.00092514
  train batch 50/138: loss=7.21207, lr=0.00092448
  train batch 60/138: loss=7.05098, lr=0.00092382
  train batch 70/138: loss=5.88709, lr=0.00092316
  train batch 80/138: loss=6.01876, lr=0.00092251
  train batch 90/138: loss=6.37401, lr=0.00092185
  train batch 100/138: loss=6.32358, lr=0.00092119
  train batch 110/138: loss=5.87525, lr=0.00092053
  train batch 120/138: loss=6.13247, lr=0.00091987
  train batch 130/138: loss=6.73056, lr=0.00091922
  train loss=6.41752, mIoU=0.4972
  val loss=5.72964, mIoU=0.5611, smoke IoU=0.6678, fire IoU=0.1752
Epoch 10/30
  train batch 1/138: loss=6.00384, lr=0.00091862
  train batch 10/138: loss=6.04370, lr=0.00091803
  train batch 20/138: loss=5.88991, lr=0.00091737
  train batch 30/138: loss=6.46816, lr=0.00091671
  train batch 40/138: loss=6.08549, lr=0.00091605
  train batch 50/138: loss=6.01027, lr=0.00091540
  train batch 60/138: loss=7.14076, lr=0.00091474
  train batch 70/138: loss=6.59710, lr=0.00091408
  train batch 80/138: loss=6.83566, lr=0.00091342
  train batch 90/138: loss=6.49506, lr=0.00091276
  train batch 100/138: loss=5.77106, lr=0.00091210
  train batch 110/138: loss=6.50197, lr=0.00091144
  train batch 120/138: loss=7.36059, lr=0.00091078
  train batch 130/138: loss=6.02674, lr=0.00091013
  train loss=6.13580, mIoU=0.4905
  val loss=5.76622, mIoU=0.5622, smoke IoU=0.6883, fire IoU=0.1612
Epoch 11/30
  train batch 1/138: loss=5.55750, lr=0.00090953
  train batch 10/138: loss=6.00302, lr=0.00090894
  train batch 20/138: loss=6.86329, lr=0.00090828
  train batch 30/138: loss=5.96316, lr=0.00090762
  train batch 40/138: loss=5.80032, lr=0.00090696
  train batch 50/138: loss=5.96354, lr=0.00090630
  train batch 60/138: loss=5.65222, lr=0.00090564
  train batch 70/138: loss=7.51733, lr=0.00090498
  train batch 80/138: loss=6.40034, lr=0.00090432
  train batch 90/138: loss=6.20688, lr=0.00090366
  train batch 100/138: loss=5.95193, lr=0.00090301
  train batch 110/138: loss=5.42469, lr=0.00090235
  train batch 120/138: loss=7.27383, lr=0.00090169
  train batch 130/138: loss=5.62745, lr=0.00090103
  train loss=6.03600, mIoU=0.5029
  val loss=5.69140, mIoU=0.5862, smoke IoU=0.7429, fire IoU=0.1684
Epoch 12/30
  train batch 1/138: loss=5.91087, lr=0.00090043
  train batch 10/138: loss=5.80470, lr=0.00089984
  train batch 20/138: loss=5.66997, lr=0.00089918
  train batch 30/138: loss=6.44258, lr=0.00089852
  train batch 40/138: loss=5.81879, lr=0.00089786
  train batch 50/138: loss=5.47058, lr=0.00089720
  train batch 60/138: loss=5.63217, lr=0.00089654
  train batch 70/138: loss=6.47169, lr=0.00089588
  train batch 80/138: loss=6.48269, lr=0.00089522
  train batch 90/138: loss=6.71669, lr=0.00089456
  train batch 100/138: loss=6.36218, lr=0.00089390
  train batch 110/138: loss=5.72819, lr=0.00089324
  train batch 120/138: loss=5.94818, lr=0.00089258
  train batch 130/138: loss=6.21518, lr=0.00089192
  train loss=5.97806, mIoU=0.5009
  val loss=5.65951, mIoU=0.5780, smoke IoU=0.7647, fire IoU=0.1452
Epoch 13/30
  train batch 1/138: loss=5.65614, lr=0.00089132
  train batch 10/138: loss=5.53202, lr=0.00089073
  train batch 20/138: loss=5.56703, lr=0.00089007
  train batch 30/138: loss=6.37117, lr=0.00088941
  train batch 40/138: loss=6.02550, lr=0.00088874
  train batch 50/138: loss=6.49074, lr=0.00088808
  train batch 60/138: loss=6.29064, lr=0.00088742
  train batch 70/138: loss=5.52603, lr=0.00088676
  train batch 80/138: loss=5.65777, lr=0.00088610
  train batch 90/138: loss=5.50074, lr=0.00088544
  train batch 100/138: loss=5.47599, lr=0.00088478
  train batch 110/138: loss=5.75284, lr=0.00088412
  train batch 120/138: loss=5.66667, lr=0.00088346
  train batch 130/138: loss=7.11282, lr=0.00088280
  train loss=5.90473, mIoU=0.5002
  val loss=5.58192, mIoU=0.5581, smoke IoU=0.6777, fire IoU=0.1623
Epoch 14/30
  train batch 1/138: loss=6.49211, lr=0.00088220
  train batch 10/138: loss=5.65897, lr=0.00088161
  train batch 20/138: loss=5.53864, lr=0.00088094
  train batch 30/138: loss=5.83052, lr=0.00088028
  train batch 40/138: loss=5.90669, lr=0.00087962
  train batch 50/138: loss=5.60317, lr=0.00087896
  train batch 60/138: loss=5.22365, lr=0.00087830
  train batch 70/138: loss=5.77579, lr=0.00087764
  train batch 80/138: loss=5.56183, lr=0.00087697
  train batch 90/138: loss=5.12841, lr=0.00087631
  train batch 100/138: loss=6.33797, lr=0.00087565
  train batch 110/138: loss=6.12683, lr=0.00087499
  train batch 120/138: loss=5.59499, lr=0.00087433
  train batch 130/138: loss=5.92946, lr=0.00087366
  train loss=5.84102, mIoU=0.5081
  val loss=5.46401, mIoU=0.5892, smoke IoU=0.7439, fire IoU=0.1722
Epoch 15/30
  train batch 1/138: loss=5.67414, lr=0.00087307
  train batch 10/138: loss=5.64321, lr=0.00087247
  train batch 20/138: loss=5.90168, lr=0.00087181
  train batch 30/138: loss=5.49576, lr=0.00087115
  train batch 40/138: loss=6.12422, lr=0.00087049
  train batch 50/138: loss=5.82836, lr=0.00086982
  train batch 60/138: loss=5.85891, lr=0.00086916
  train batch 70/138: loss=5.53358, lr=0.00086850
  train batch 80/138: loss=6.68528, lr=0.00086784
  train batch 90/138: loss=5.87834, lr=0.00086717
  train batch 100/138: loss=5.91545, lr=0.00086651
  train batch 110/138: loss=5.51463, lr=0.00086585
  train batch 120/138: loss=5.59729, lr=0.00086519
  train batch 130/138: loss=5.83820, lr=0.00086452
  train loss=5.82172, mIoU=0.5060
  val loss=5.63346, mIoU=0.4473, smoke IoU=0.3273, fire IoU=0.1782
Epoch 16/30
  train batch 1/138: loss=5.32523, lr=0.00086393
  train batch 10/138: loss=5.32472, lr=0.00086333
  train batch 20/138: loss=5.54823, lr=0.00086267
  train batch 30/138: loss=6.02885, lr=0.00086200
  train batch 40/138: loss=5.48871, lr=0.00086134
  train batch 50/138: loss=5.41022, lr=0.00086068
  train batch 60/138: loss=5.68410, lr=0.00086002
  train batch 70/138: loss=6.35797, lr=0.00085935
  train batch 80/138: loss=5.78527, lr=0.00085869
  train batch 90/138: loss=5.85039, lr=0.00085803
  train batch 100/138: loss=5.89145, lr=0.00085736
  train batch 110/138: loss=6.21006, lr=0.00085670
  train batch 120/138: loss=5.93377, lr=0.00085603
  train batch 130/138: loss=6.30771, lr=0.00085537
  train loss=5.76650, mIoU=0.5195
  val loss=5.39817, mIoU=0.5933, smoke IoU=0.7388, fire IoU=0.1837
Epoch 17/30
  train batch 1/138: loss=5.66022, lr=0.00085477
  train batch 10/138: loss=5.84084, lr=0.00085418
  train batch 20/138: loss=5.60214, lr=0.00085351
  train batch 30/138: loss=6.20370, lr=0.00085285
  train batch 40/138: loss=6.19399, lr=0.00085219
  train batch 50/138: loss=8.58181, lr=0.00085152
  train batch 60/138: loss=5.86075, lr=0.00085086
  train batch 70/138: loss=5.99254, lr=0.00085019
  train batch 80/138: loss=6.16820, lr=0.00084953
  train batch 90/138: loss=5.51924, lr=0.00084887
  train batch 100/138: loss=5.44246, lr=0.00084820
  train batch 110/138: loss=5.71512, lr=0.00084754
  train batch 120/138: loss=5.46957, lr=0.00084687
  train batch 130/138: loss=5.87718, lr=0.00084621
  train loss=5.73231, mIoU=0.5219
  val loss=5.47638, mIoU=0.5792, smoke IoU=0.7612, fire IoU=0.1699
Epoch 18/30
  train batch 1/138: loss=5.77894, lr=0.00084561
  train batch 10/138: loss=5.39757, lr=0.00084501
  train batch 20/138: loss=5.79129, lr=0.00084435
  train batch 30/138: loss=5.60300, lr=0.00084368
  train batch 40/138: loss=5.69722, lr=0.00084302
  train batch 50/138: loss=5.19324, lr=0.00084235
  train batch 60/138: loss=5.60094, lr=0.00084169
  train batch 70/138: loss=5.64406, lr=0.00084102
  train batch 80/138: loss=5.63577, lr=0.00084036
  train batch 90/138: loss=5.89135, lr=0.00083969
  train batch 100/138: loss=5.91718, lr=0.00083903
  train batch 110/138: loss=5.89900, lr=0.00083836
  train batch 120/138: loss=5.37527, lr=0.00083770
  train batch 130/138: loss=5.33737, lr=0.00083703
  train loss=5.71864, mIoU=0.5193
  val loss=5.72046, mIoU=0.5859, smoke IoU=0.7154, fire IoU=0.1783
Epoch 19/30
  train batch 1/138: loss=5.60742, lr=0.00083644
  train batch 10/138: loss=5.70315, lr=0.00083584
  train batch 20/138: loss=5.61959, lr=0.00083517
  train batch 30/138: loss=5.82927, lr=0.00083451
  train batch 40/138: loss=6.05112, lr=0.00083384
  train batch 50/138: loss=5.65438, lr=0.00083318
  train batch 60/138: loss=5.20162, lr=0.00083251
  train batch 70/138: loss=5.46386, lr=0.00083184
  train batch 80/138: loss=5.94802, lr=0.00083118
  train batch 90/138: loss=5.54548, lr=0.00083051
  train batch 100/138: loss=6.97668, lr=0.00082985
  train batch 110/138: loss=5.50747, lr=0.00082918
  train batch 120/138: loss=5.21453, lr=0.00082851
  train batch 130/138: loss=5.33652, lr=0.00082785
  train loss=5.69176, mIoU=0.5279
  val loss=5.57636, mIoU=0.5983, smoke IoU=0.7502, fire IoU=0.1856
Epoch 20/30
  train batch 1/138: loss=5.85963, lr=0.00082725
  train batch 10/138: loss=5.15073, lr=0.00082665
  train batch 20/138: loss=5.55196, lr=0.00082598
  train batch 30/138: loss=5.33611, lr=0.00082532
  train batch 40/138: loss=5.63338, lr=0.00082465
  train batch 50/138: loss=5.94210, lr=0.00082399
  train batch 60/138: loss=5.68710, lr=0.00082332
  train batch 70/138: loss=5.78943, lr=0.00082265
  train batch 80/138: loss=5.56872, lr=0.00082199
  train batch 90/138: loss=5.73413, lr=0.00082132
  train batch 100/138: loss=5.68806, lr=0.00082065
  train batch 110/138: loss=5.15128, lr=0.00081999
  train batch 120/138: loss=5.37262, lr=0.00081932
  train batch 130/138: loss=6.35342, lr=0.00081865
  train loss=5.69548, mIoU=0.5270
  val loss=5.34461, mIoU=0.5786, smoke IoU=0.7265, fire IoU=0.1773
Epoch 21/30
  train batch 1/138: loss=5.70176, lr=0.00081805
  train batch 10/138: loss=6.21670, lr=0.00081745
  train batch 20/138: loss=5.43013, lr=0.00081678
  train batch 30/138: loss=5.67936, lr=0.00081612
  train batch 40/138: loss=6.60018, lr=0.00081545
  train batch 50/138: loss=5.46376, lr=0.00081478
  train batch 60/138: loss=5.74593, lr=0.00081412
  train batch 70/138: loss=5.59214, lr=0.00081345
  train batch 80/138: loss=5.59636, lr=0.00081278
  train batch 90/138: loss=5.54455, lr=0.00081211
  train batch 100/138: loss=5.31735, lr=0.00081145
  train batch 110/138: loss=6.69541, lr=0.00081078
  train batch 120/138: loss=5.35379, lr=0.00081011
  train batch 130/138: loss=5.38103, lr=0.00080944
  train loss=5.69440, mIoU=0.5241
  val loss=5.49985, mIoU=0.5781, smoke IoU=0.7512, fire IoU=0.1697
Epoch 22/30
  train batch 1/138: loss=5.80152, lr=0.00080884
  train batch 10/138: loss=5.70556, lr=0.00080824
  train batch 20/138: loss=5.47486, lr=0.00080757
  train batch 30/138: loss=5.60684, lr=0.00080691
  train batch 40/138: loss=6.07912, lr=0.00080624
  train batch 50/138: loss=5.54175, lr=0.00080557
  train batch 60/138: loss=5.32542, lr=0.00080490
  train batch 70/138: loss=7.26954, lr=0.00080423
  train batch 80/138: loss=5.62669, lr=0.00080357
  train batch 90/138: loss=5.67582, lr=0.00080290
  train batch 100/138: loss=5.32372, lr=0.00080223
  train batch 110/138: loss=5.74108, lr=0.00080156
  train batch 120/138: loss=5.34546, lr=0.00080089
  train batch 130/138: loss=5.70348, lr=0.00080022
  train loss=5.66384, mIoU=0.5252
  val loss=5.27767, mIoU=0.4860, smoke IoU=0.4573, fire IoU=0.1800
Epoch 23/30
  train batch 1/138: loss=5.58167, lr=0.00079962
  train batch 10/138: loss=5.37647, lr=0.00079902
  train batch 20/138: loss=6.38912, lr=0.00079835
  train batch 30/138: loss=6.13548, lr=0.00079768
  train batch 40/138: loss=5.72572, lr=0.00079701
  train batch 50/138: loss=5.07877, lr=0.00079635
  train batch 60/138: loss=5.55715, lr=0.00079568
  train batch 70/138: loss=5.98197, lr=0.00079501
  train batch 80/138: loss=5.42846, lr=0.00079434
  train batch 90/138: loss=5.21482, lr=0.00079367
  train batch 100/138: loss=5.85990, lr=0.00079300
  train batch 110/138: loss=5.33090, lr=0.00079233
  train batch 120/138: loss=5.67068, lr=0.00079166
  train batch 130/138: loss=5.18080, lr=0.00079099
  train loss=5.63320, mIoU=0.5364
  val loss=5.24382, mIoU=0.5544, smoke IoU=0.6206, fire IoU=0.1981
Epoch 24/30
  train batch 1/138: loss=5.48407, lr=0.00079039
  train batch 10/138: loss=5.96924, lr=0.00078979
  train batch 20/138: loss=5.77251, lr=0.00078912
  train batch 30/138: loss=5.16461, lr=0.00078845
  train batch 40/138: loss=5.47302, lr=0.00078778
  train batch 50/138: loss=5.08109, lr=0.00078711
  train batch 60/138: loss=5.76752, lr=0.00078644
  train batch 70/138: loss=5.39056, lr=0.00078577
  train batch 80/138: loss=5.55491, lr=0.00078510
  train batch 90/138: loss=5.32695, lr=0.00078443
  train batch 100/138: loss=5.70616, lr=0.00078376
  train batch 110/138: loss=5.50551, lr=0.00078309
  train batch 120/138: loss=5.77362, lr=0.00078242
  train batch 130/138: loss=5.44253, lr=0.00078175
  train loss=5.67653, mIoU=0.5228
  val loss=5.19348, mIoU=0.5572, smoke IoU=0.6361, fire IoU=0.1907
Epoch 25/30
  train batch 1/138: loss=5.43122, lr=0.00078115
  train batch 10/138: loss=5.33856, lr=0.00078054
  train batch 20/138: loss=5.75305, lr=0.00077987
  train batch 30/138: loss=5.35360, lr=0.00077920
  train batch 40/138: loss=5.01912, lr=0.00077853
  train batch 50/138: loss=5.56301, lr=0.00077786
  train batch 60/138: loss=5.83735, lr=0.00077719
  train batch 70/138: loss=5.55972, lr=0.00077652
  train batch 80/138: loss=5.85409, lr=0.00077585
  train batch 90/138: loss=5.13154, lr=0.00077518
  train batch 100/138: loss=5.32813, lr=0.00077451
  train batch 110/138: loss=5.43635, lr=0.00077384
  train batch 120/138: loss=5.20122, lr=0.00077316
  train batch 130/138: loss=5.78105, lr=0.00077249
  train loss=5.60712, mIoU=0.5358
  val loss=5.55385, mIoU=0.4952, smoke IoU=0.4921, fire IoU=0.1794
Epoch 26/30
  train batch 1/138: loss=5.83820, lr=0.00077189
  train batch 10/138: loss=5.08480, lr=0.00077129
  train batch 20/138: loss=5.47548, lr=0.00077061
  train batch 30/138: loss=5.59316, lr=0.00076994
  train batch 40/138: loss=5.68680, lr=0.00076927
  train batch 50/138: loss=5.85020, lr=0.00076860
  train batch 60/138: loss=5.25031, lr=0.00076793
  train batch 70/138: loss=5.28852, lr=0.00076726
  train batch 80/138: loss=5.39988, lr=0.00076658
  train batch 90/138: loss=6.78679, lr=0.00076591
  train batch 100/138: loss=5.49872, lr=0.00076524
  train batch 110/138: loss=5.95883, lr=0.00076457
  train batch 120/138: loss=5.92398, lr=0.00076390
  train batch 130/138: loss=5.76132, lr=0.00076323
  train loss=5.68884, mIoU=0.5287
  val loss=5.63940, mIoU=0.5256, smoke IoU=0.5741, fire IoU=0.1795
Epoch 27/30
  train batch 1/138: loss=5.87119, lr=0.00076262
  train batch 10/138: loss=5.11506, lr=0.00076202
  train batch 20/138: loss=5.23571, lr=0.00076134
  train batch 30/138: loss=5.05869, lr=0.00076067
  train batch 40/138: loss=5.48099, lr=0.00076000
  train batch 50/138: loss=5.54631, lr=0.00075933
  train batch 60/138: loss=5.73522, lr=0.00075865
  train batch 70/138: loss=5.95981, lr=0.00075798
  train batch 80/138: loss=5.94032, lr=0.00075731
  train batch 90/138: loss=5.51562, lr=0.00075664
  train batch 100/138: loss=5.64899, lr=0.00075596
  train batch 110/138: loss=6.18771, lr=0.00075529
  train batch 120/138: loss=5.83584, lr=0.00075462
  train batch 130/138: loss=5.80966, lr=0.00075394
  train loss=5.63967, mIoU=0.5289
  val loss=5.48038, mIoU=0.5441, smoke IoU=0.5974, fire IoU=0.1915
Epoch 28/30
  train batch 1/138: loss=5.83901, lr=0.00075334
  train batch 10/138: loss=5.33567, lr=0.00075273
  train batch 20/138: loss=5.22663, lr=0.00075206
  train batch 30/138: loss=5.56181, lr=0.00075139
  train batch 40/138: loss=5.93049, lr=0.00075071
  train batch 50/138: loss=5.73075, lr=0.00075004
  train batch 60/138: loss=6.11903, lr=0.00074937
  train batch 70/138: loss=5.68439, lr=0.00074869
  train batch 80/138: loss=5.58217, lr=0.00074802
  train batch 90/138: loss=5.66953, lr=0.00074735
  train batch 100/138: loss=5.74899, lr=0.00074667
  train batch 110/138: loss=4.86895, lr=0.00074600
  train batch 120/138: loss=6.37799, lr=0.00074533
  train batch 130/138: loss=5.74208, lr=0.00074465
  train loss=5.56815, mIoU=0.5492
  val loss=5.26066, mIoU=0.5888, smoke IoU=0.7415, fire IoU=0.1884
Epoch 29/30
  train batch 1/138: loss=5.71738, lr=0.00074405
  train batch 10/138: loss=7.00104, lr=0.00074344
  train batch 20/138: loss=5.24027, lr=0.00074276
  train batch 30/138: loss=5.44765, lr=0.00074209
  train batch 40/138: loss=5.40830, lr=0.00074142
  train batch 50/138: loss=5.17839, lr=0.00074074
  train batch 60/138: loss=5.38274, lr=0.00074007
  train batch 70/138: loss=5.65897, lr=0.00073939
  train batch 80/138: loss=5.31719, lr=0.00073872
  train batch 90/138: loss=5.37178, lr=0.00073804
  train batch 100/138: loss=5.49768, lr=0.00073737
  train batch 110/138: loss=5.42800, lr=0.00073669
  train batch 120/138: loss=5.95141, lr=0.00073602
  train batch 130/138: loss=5.29787, lr=0.00073535
  train loss=5.60454, mIoU=0.5312
  val loss=5.41433, mIoU=0.5656, smoke IoU=0.7140, fire IoU=0.1831
Epoch 30/30
  train batch 1/138: loss=5.53270, lr=0.00073474
  train batch 10/138: loss=5.64505, lr=0.00073413
  train batch 20/138: loss=5.23857, lr=0.00073346
  train batch 30/138: loss=5.21604, lr=0.00073278
  train batch 40/138: loss=5.84508, lr=0.00073211
  train batch 50/138: loss=5.85560, lr=0.00073143
  train batch 60/138: loss=5.45335, lr=0.00073075
  train batch 70/138: loss=6.50603, lr=0.00073008
  train batch 80/138: loss=5.72662, lr=0.00072940
  train batch 90/138: loss=5.74599, lr=0.00072873
  train batch 100/138: loss=5.29201, lr=0.00072805
  train batch 110/138: loss=5.85226, lr=0.00072738
  train batch 120/138: loss=5.32208, lr=0.00072670
  train batch 130/138: loss=5.55473, lr=0.00072603
  train loss=5.69707, mIoU=0.5223
  val loss=5.58579, mIoU=0.5599, smoke IoU=0.6785, fire IoU=0.1847
Training run completed
Best validation mIoU: 0.5983
Elapsed time: 982.7 seconds
Peak allocated GPU memory: 230.0 MB
Metrics: G:\py2\experiments\pidnet_s_deconv\deconv_d1_30e_label_fix\metrics.jsonl
